2025-04-22T23:24:16.957615+00:00 ubuntu-core1 kernel: Linux version 6.14.0-15-generic (buildd@lcy02-amd64-022) (x86_64-linux-gnu-gcc-14 (Ubuntu 14.2.0-19ubuntu2) 14.2.0, GNU ld (GNU Binutils for Ubuntu) 2.44) #15-Ubuntu SMP PREEMPT_DYNAMIC Sun Apr  6 15:05:05 UTC 2025 (Ubuntu 6.14.0-15.15-generic 6.14.0)
2025-04-22T23:24:16.958741+00:00 ubuntu-core1 kernel: Command line: BOOT_IMAGE=/boot/vmlinuz-6.14.0-15-generic root=UUID=c6147ba4-7b9c-4b30-b06e-09f9935f9200 ro quiet splash noprompt noshell automatic-ubiquity debian-installer/locale=en_US keyboard-configuration/layoutcode=us languagechooser/language-name=English localechooser/supported-locales=en_US.UTF-8 countrychooser/shortlist=US -- crashkernel=2G-4G:320M,4G-32G:512M,32G-64G:1024M,64G-128G:2048M,128G-:4096M
2025-04-22T23:24:16.958743+00:00 ubuntu-core1 kernel: KERNEL supported cpus:
2025-04-22T23:24:16.958743+00:00 ubuntu-core1 kernel:   Intel GenuineIntel
2025-04-22T23:24:16.958743+00:00 ubuntu-core1 kernel:   AMD AuthenticAMD
2025-04-22T23:24:16.958744+00:00 ubuntu-core1 kernel:   Hygon HygonGenuine
2025-04-22T23:24:16.958745+00:00 ubuntu-core1 kernel:   Centaur CentaurHauls
2025-04-22T23:24:16.958745+00:00 ubuntu-core1 kernel:   zhaoxin   Shanghai  
2025-04-22T23:24:16.958745+00:00 ubuntu-core1 kernel: BIOS-provided physical RAM map:
2025-04-22T23:24:16.958746+00:00 ubuntu-core1 kernel: BIOS-e820: [mem 0x0000000000000000-0x000000000009fbff] usable
2025-04-22T23:24:16.958746+00:00 ubuntu-core1 kernel: BIOS-e820: [mem 0x000000000009fc00-0x000000000009ffff] reserved
2025-04-22T23:24:16.958746+00:00 ubuntu-core1 kernel: BIOS-e820: [mem 0x00000000000f0000-0x00000000000fffff] reserved
2025-04-22T23:24:16.958747+00:00 ubuntu-core1 kernel: BIOS-e820: [mem 0x0000000000100000-0x00000000dffeffff] usable
2025-04-22T23:24:16.958747+00:00 ubuntu-core1 kernel: BIOS-e820: [mem 0x00000000dfff0000-0x00000000dfffffff] ACPI data
2025-04-22T23:24:16.958748+00:00 ubuntu-core1 kernel: BIOS-e820: [mem 0x00000000fec00000-0x00000000fec00fff] reserved
2025-04-22T23:24:16.958748+00:00 ubuntu-core1 kernel: BIOS-e820: [mem 0x00000000fee00000-0x00000000fee00fff] reserved
2025-04-22T23:24:16.958748+00:00 ubuntu-core1 kernel: BIOS-e820: [mem 0x00000000fffc0000-0x00000000ffffffff] reserved
2025-04-22T23:24:16.958748+00:00 ubuntu-core1 kernel: BIOS-e820: [mem 0x0000000100000000-0x000000021fffffff] usable
2025-04-22T23:24:16.958748+00:00 ubuntu-core1 kernel: NX (Execute Disable) protection: active
2025-04-22T23:24:16.958749+00:00 ubuntu-core1 kernel: APIC: Static calls initialized
2025-04-22T23:24:16.958749+00:00 ubuntu-core1 kernel: SMBIOS 2.5 present.
2025-04-22T23:24:16.958750+00:00 ubuntu-core1 kernel: DMI: innotek GmbH VirtualBox/VirtualBox, BIOS VirtualBox 12/01/2006
2025-04-22T23:24:16.958750+00:00 ubuntu-core1 kernel: DMI: Memory slots populated: 0/0
2025-04-22T23:24:16.958750+00:00 ubuntu-core1 kernel: Hypervisor detected: KVM
2025-04-22T23:24:16.958750+00:00 ubuntu-core1 kernel: kvm-clock: Using msrs 4b564d01 and 4b564d00
2025-04-22T23:24:16.958751+00:00 ubuntu-core1 kernel: kvm-clock: using sched offset of 478391571648 cycles
2025-04-22T23:24:16.958751+00:00 ubuntu-core1 kernel: clocksource: kvm-clock: mask: 0xffffffffffffffff max_cycles: 0x1cd42e4dffb, max_idle_ns: 881590591483 ns
2025-04-22T23:24:16.958752+00:00 ubuntu-core1 kernel: tsc: Detected 3187.198 MHz processor
2025-04-22T23:24:16.958752+00:00 ubuntu-core1 kernel: e820: update [mem 0x00000000-0x00000fff] usable ==> reserved
2025-04-22T23:24:16.958752+00:00 ubuntu-core1 kernel: e820: remove [mem 0x000a0000-0x000fffff] usable
2025-04-22T23:24:16.958752+00:00 ubuntu-core1 kernel: last_pfn = 0x220000 max_arch_pfn = 0x400000000
2025-04-22T23:24:16.958753+00:00 ubuntu-core1 kernel: MTRR map: 3 entries (3 fixed + 0 variable; max 19), built from 8 variable MTRRs
2025-04-22T23:24:16.958753+00:00 ubuntu-core1 kernel: x86/PAT: Configuration [0-7]: WB  WC  UC- UC  WB  WP  UC- WT  
2025-04-22T23:24:16.958754+00:00 ubuntu-core1 kernel: CPU MTRRs all blank - virtualized system.
2025-04-22T23:24:16.958754+00:00 ubuntu-core1 kernel: last_pfn = 0xe0000 max_arch_pfn = 0x400000000
2025-04-22T23:24:16.958754+00:00 ubuntu-core1 kernel: found SMP MP-table at [mem 0x0009fbf0-0x0009fbff]
2025-04-22T23:24:16.958754+00:00 ubuntu-core1 kernel: RAMDISK: [mem 0x2eead000-0x3374dfff]
2025-04-22T23:24:16.958754+00:00 ubuntu-core1 kernel: ACPI: Early table checksum verification disabled
2025-04-22T23:24:16.958755+00:00 ubuntu-core1 kernel: ACPI: RSDP 0x00000000000E0000 000024 (v02 VBOX  )
2025-04-22T23:24:16.958755+00:00 ubuntu-core1 kernel: ACPI: XSDT 0x00000000DFFF0030 00003C (v01 VBOX   VBOXXSDT 00000001 ASL  00000061)
2025-04-22T23:24:16.958756+00:00 ubuntu-core1 kernel: ACPI: FACP 0x00000000DFFF00F0 0000F4 (v04 VBOX   VBOXFACP 00000001 ASL  00000061)
2025-04-22T23:24:16.958756+00:00 ubuntu-core1 kernel: ACPI: DSDT 0x00000000DFFF0620 002353 (v02 VBOX   VBOXBIOS 00000002 INTL 20100528)
2025-04-22T23:24:16.958756+00:00 ubuntu-core1 kernel: ACPI: FACS 0x00000000DFFF0200 000040
2025-04-22T23:24:16.958756+00:00 ubuntu-core1 kernel: ACPI: FACS 0x00000000DFFF0200 000040
2025-04-22T23:24:16.958758+00:00 ubuntu-core1 kernel: ACPI: APIC 0x00000000DFFF0240 00006C (v02 VBOX   VBOXAPIC 00000001 ASL  00000061)
2025-04-22T23:24:16.958762+00:00 ubuntu-core1 kernel: ACPI: SSDT 0x00000000DFFF02B0 00036C (v01 VBOX   VBOXCPUT 00000002 INTL 20100528)
2025-04-22T23:24:16.958762+00:00 ubuntu-core1 kernel: ACPI: Reserving FACP table memory at [mem 0xdfff00f0-0xdfff01e3]
2025-04-22T23:24:16.958762+00:00 ubuntu-core1 kernel: ACPI: Reserving DSDT table memory at [mem 0xdfff0620-0xdfff2972]
2025-04-22T23:24:16.958762+00:00 ubuntu-core1 kernel: ACPI: Reserving FACS table memory at [mem 0xdfff0200-0xdfff023f]
2025-04-22T23:24:16.958763+00:00 ubuntu-core1 kernel: ACPI: Reserving FACS table memory at [mem 0xdfff0200-0xdfff023f]
2025-04-22T23:24:16.958764+00:00 ubuntu-core1 kernel: ACPI: Reserving APIC table memory at [mem 0xdfff0240-0xdfff02ab]
2025-04-22T23:24:16.958764+00:00 ubuntu-core1 kernel: ACPI: Reserving SSDT table memory at [mem 0xdfff02b0-0xdfff061b]
2025-04-22T23:24:16.958764+00:00 ubuntu-core1 kernel: No NUMA configuration found
2025-04-22T23:24:16.958765+00:00 ubuntu-core1 kernel: Faking a node at [mem 0x0000000000000000-0x000000021fffffff]
2025-04-22T23:24:16.958765+00:00 ubuntu-core1 kernel: NODE_DATA(0) allocated [mem 0x21ffd1680-0x21fffbfff]
2025-04-22T23:24:16.958765+00:00 ubuntu-core1 kernel: crashkernel reserved: 0x00000000bf000000 - 0x00000000df000000 (512 MB)
2025-04-22T23:24:16.958765+00:00 ubuntu-core1 kernel: Zone ranges:
2025-04-22T23:24:16.958766+00:00 ubuntu-core1 kernel:   DMA      [mem 0x0000000000001000-0x0000000000ffffff]
2025-04-22T23:24:16.958766+00:00 ubuntu-core1 kernel:   DMA32    [mem 0x0000000001000000-0x00000000ffffffff]
2025-04-22T23:24:16.958767+00:00 ubuntu-core1 kernel:   Normal   [mem 0x0000000100000000-0x000000021fffffff]
2025-04-22T23:24:16.958767+00:00 ubuntu-core1 kernel:   Device   empty
2025-04-22T23:24:16.958767+00:00 ubuntu-core1 kernel: Movable zone start for each node
2025-04-22T23:24:16.958767+00:00 ubuntu-core1 kernel: Early memory node ranges
2025-04-22T23:24:16.958768+00:00 ubuntu-core1 kernel:   node   0: [mem 0x0000000000001000-0x000000000009efff]
2025-04-22T23:24:16.958768+00:00 ubuntu-core1 kernel:   node   0: [mem 0x0000000000100000-0x00000000dffeffff]
2025-04-22T23:24:16.958769+00:00 ubuntu-core1 kernel:   node   0: [mem 0x0000000100000000-0x000000021fffffff]
2025-04-22T23:24:16.958769+00:00 ubuntu-core1 kernel: Initmem setup node 0 [mem 0x0000000000001000-0x000000021fffffff]
2025-04-22T23:24:16.958769+00:00 ubuntu-core1 kernel: On node 0, zone DMA: 1 pages in unavailable ranges
2025-04-22T23:24:16.958769+00:00 ubuntu-core1 kernel: On node 0, zone DMA: 97 pages in unavailable ranges
2025-04-22T23:24:16.958770+00:00 ubuntu-core1 kernel: On node 0, zone Normal: 16 pages in unavailable ranges
2025-04-22T23:24:16.958770+00:00 ubuntu-core1 kernel: ACPI: PM-Timer IO Port: 0x4008
2025-04-22T23:24:16.958770+00:00 ubuntu-core1 kernel: IOAPIC[0]: apic_id 4, version 32, address 0xfec00000, GSI 0-23
2025-04-22T23:24:16.958771+00:00 ubuntu-core1 kernel: ACPI: INT_SRC_OVR (bus 0 bus_irq 0 global_irq 2 dfl dfl)
2025-04-22T23:24:16.958771+00:00 ubuntu-core1 kernel: ACPI: INT_SRC_OVR (bus 0 bus_irq 9 global_irq 9 low level)
2025-04-22T23:24:16.958771+00:00 ubuntu-core1 kernel: ACPI: Using ACPI (MADT) for SMP configuration information
2025-04-22T23:24:16.958771+00:00 ubuntu-core1 kernel: CPU topo: Max. logical packages:   1
2025-04-22T23:24:16.958772+00:00 ubuntu-core1 kernel: CPU topo: Max. logical dies:       1
2025-04-22T23:24:16.958772+00:00 ubuntu-core1 kernel: CPU topo: Max. dies per package:   1
2025-04-22T23:24:16.958773+00:00 ubuntu-core1 kernel: CPU topo: Max. threads per core:   1
2025-04-22T23:24:16.958773+00:00 ubuntu-core1 kernel: CPU topo: Num. cores per package:     4
2025-04-22T23:24:16.958773+00:00 ubuntu-core1 kernel: CPU topo: Num. threads per package:   4
2025-04-22T23:24:16.958773+00:00 ubuntu-core1 kernel: CPU topo: Allowing 4 present CPUs plus 0 hotplug CPUs
2025-04-22T23:24:16.958774+00:00 ubuntu-core1 kernel: PM: hibernation: Registered nosave memory: [mem 0x00000000-0x00000fff]
2025-04-22T23:24:16.958774+00:00 ubuntu-core1 kernel: PM: hibernation: Registered nosave memory: [mem 0x0009f000-0x0009ffff]
2025-04-22T23:24:16.958775+00:00 ubuntu-core1 kernel: PM: hibernation: Registered nosave memory: [mem 0x000a0000-0x000effff]
2025-04-22T23:24:16.958775+00:00 ubuntu-core1 kernel: PM: hibernation: Registered nosave memory: [mem 0x000f0000-0x000fffff]
2025-04-22T23:24:16.958775+00:00 ubuntu-core1 kernel: PM: hibernation: Registered nosave memory: [mem 0xdfff0000-0xdfffffff]
2025-04-22T23:24:16.958775+00:00 ubuntu-core1 kernel: PM: hibernation: Registered nosave memory: [mem 0xe0000000-0xfebfffff]
2025-04-22T23:24:16.958776+00:00 ubuntu-core1 kernel: PM: hibernation: Registered nosave memory: [mem 0xfec00000-0xfec00fff]
2025-04-22T23:24:16.958777+00:00 ubuntu-core1 kernel: PM: hibernation: Registered nosave memory: [mem 0xfec01000-0xfedfffff]
2025-04-22T23:24:16.958777+00:00 ubuntu-core1 kernel: PM: hibernation: Registered nosave memory: [mem 0xfee00000-0xfee00fff]
2025-04-22T23:24:16.958777+00:00 ubuntu-core1 kernel: PM: hibernation: Registered nosave memory: [mem 0xfee01000-0xfffbffff]
2025-04-22T23:24:16.958777+00:00 ubuntu-core1 kernel: PM: hibernation: Registered nosave memory: [mem 0xfffc0000-0xffffffff]
2025-04-22T23:24:16.958777+00:00 ubuntu-core1 kernel: [mem 0xe0000000-0xfebfffff] available for PCI devices
2025-04-22T23:24:16.958778+00:00 ubuntu-core1 kernel: Booting paravirtualized kernel on KVM
2025-04-22T23:24:16.958779+00:00 ubuntu-core1 kernel: clocksource: refined-jiffies: mask: 0xffffffff max_cycles: 0xffffffff, max_idle_ns: 1910969940391419 ns
2025-04-22T23:24:16.958779+00:00 ubuntu-core1 kernel: setup_percpu: NR_CPUS:8192 nr_cpumask_bits:4 nr_cpu_ids:4 nr_node_ids:1
2025-04-22T23:24:16.958779+00:00 ubuntu-core1 kernel: percpu: Embedded 88 pages/cpu s237568 r8192 d114688 u524288
2025-04-22T23:24:16.958779+00:00 ubuntu-core1 kernel: pcpu-alloc: s237568 r8192 d114688 u524288 alloc=1*2097152
2025-04-22T23:24:16.958779+00:00 ubuntu-core1 kernel: pcpu-alloc: [0] 0 1 2 3 
2025-04-22T23:24:16.958780+00:00 ubuntu-core1 kernel: kvm-guest: PV spinlocks enabled
2025-04-22T23:24:16.958781+00:00 ubuntu-core1 kernel: PV qspinlock hash table entries: 256 (order: 0, 4096 bytes, linear)
2025-04-22T23:24:16.958801+00:00 ubuntu-core1 kernel: Kernel command line: BOOT_IMAGE=/boot/vmlinuz-6.14.0-15-generic root=UUID=c6147ba4-7b9c-4b30-b06e-09f9935f9200 ro quiet splash noprompt noshell automatic-ubiquity debian-installer/locale=en_US keyboard-configuration/layoutcode=us languagechooser/language-name=English localechooser/supported-locales=en_US.UTF-8 countrychooser/shortlist=US -- crashkernel=2G-4G:320M,4G-32G:512M,32G-64G:1024M,64G-128G:2048M,128G-:4096M
2025-04-22T23:24:16.958801+00:00 ubuntu-core1 kernel: Unknown kernel command line parameters "splash noprompt noshell automatic-ubiquity BOOT_IMAGE=/boot/vmlinuz-6.14.0-15-generic debian-installer/locale=en_US keyboard-configuration/layoutcode=us languagechooser/language-name=English localechooser/supported-locales=en_US.UTF-8 countrychooser/shortlist=US", will be passed to user space.
2025-04-22T23:24:16.958802+00:00 ubuntu-core1 kernel: random: crng init done
2025-04-22T23:24:16.958802+00:00 ubuntu-core1 kernel: printk: log buffer data + meta data: 262144 + 917504 = 1179648 bytes
2025-04-22T23:24:16.958803+00:00 ubuntu-core1 kernel: Dentry cache hash table entries: 1048576 (order: 11, 8388608 bytes, linear)
2025-04-22T23:24:16.958803+00:00 ubuntu-core1 kernel: Inode-cache hash table entries: 524288 (order: 10, 4194304 bytes, linear)
2025-04-22T23:24:16.958804+00:00 ubuntu-core1 kernel: Fallback order for Node 0: 0 
2025-04-22T23:24:16.958804+00:00 ubuntu-core1 kernel: Built 1 zonelists, mobility grouping on.  Total pages: 2097038
2025-04-22T23:24:16.958804+00:00 ubuntu-core1 kernel: Policy zone: Normal
2025-04-22T23:24:16.958804+00:00 ubuntu-core1 kernel: mem auto-init: stack:all(zero), heap alloc:on, heap free:off
2025-04-22T23:24:16.958804+00:00 ubuntu-core1 kernel: software IO TLB: area num 4.
2025-04-22T23:24:16.958805+00:00 ubuntu-core1 kernel: SLUB: HWalign=64, Order=0-3, MinObjects=0, CPUs=4, Nodes=1
2025-04-22T23:24:16.958805+00:00 ubuntu-core1 kernel: ftrace: allocating 60578 entries in 237 pages
2025-04-22T23:24:16.958806+00:00 ubuntu-core1 kernel: ftrace: allocated 237 pages with 6 groups
2025-04-22T23:24:16.958806+00:00 ubuntu-core1 kernel: Dynamic Preempt: voluntary
2025-04-22T23:24:16.958806+00:00 ubuntu-core1 kernel: rcu: Preemptible hierarchical RCU implementation.
2025-04-22T23:24:16.958806+00:00 ubuntu-core1 kernel: rcu: 	RCU restricting CPUs from NR_CPUS=8192 to nr_cpu_ids=4.
2025-04-22T23:24:16.958807+00:00 ubuntu-core1 kernel: 	Trampoline variant of Tasks RCU enabled.
2025-04-22T23:24:16.958807+00:00 ubuntu-core1 kernel: 	Rude variant of Tasks RCU enabled.
2025-04-22T23:24:16.958807+00:00 ubuntu-core1 kernel: 	Tracing variant of Tasks RCU enabled.
2025-04-22T23:24:16.958808+00:00 ubuntu-core1 kernel: rcu: RCU calculated value of scheduler-enlistment delay is 100 jiffies.
2025-04-22T23:24:16.958808+00:00 ubuntu-core1 kernel: rcu: Adjusting geometry for rcu_fanout_leaf=16, nr_cpu_ids=4
2025-04-22T23:24:16.958808+00:00 ubuntu-core1 kernel: RCU Tasks: Setting shift to 2 and lim to 1 rcu_task_cb_adjust=1 rcu_task_cpu_ids=4.
2025-04-22T23:24:16.958808+00:00 ubuntu-core1 kernel: RCU Tasks Rude: Setting shift to 2 and lim to 1 rcu_task_cb_adjust=1 rcu_task_cpu_ids=4.
2025-04-22T23:24:16.958809+00:00 ubuntu-core1 kernel: RCU Tasks Trace: Setting shift to 2 and lim to 1 rcu_task_cb_adjust=1 rcu_task_cpu_ids=4.
2025-04-22T23:24:16.958809+00:00 ubuntu-core1 kernel: NR_IRQS: 524544, nr_irqs: 456, preallocated irqs: 16
2025-04-22T23:24:16.958810+00:00 ubuntu-core1 kernel: rcu: srcu_init: Setting srcu_struct sizes based on contention.
2025-04-22T23:24:16.958810+00:00 ubuntu-core1 kernel: Console: colour VGA+ 80x25
2025-04-22T23:24:16.958810+00:00 ubuntu-core1 kernel: printk: legacy console [tty0] enabled
2025-04-22T23:24:16.958810+00:00 ubuntu-core1 kernel: ACPI: Core revision 20240827
2025-04-22T23:24:16.958811+00:00 ubuntu-core1 kernel: APIC: Switch to symmetric I/O mode setup
2025-04-22T23:24:16.958811+00:00 ubuntu-core1 kernel: ..TIMER: vector=0x30 apic1=0 pin1=2 apic2=-1 pin2=-1
2025-04-22T23:24:16.958811+00:00 ubuntu-core1 kernel: clocksource: tsc-early: mask: 0xffffffffffffffff max_cycles: 0x2df10c66ae4, max_idle_ns: 440795251289 ns
2025-04-22T23:24:16.958812+00:00 ubuntu-core1 kernel: Calibrating delay loop (skipped) preset value.. 6374.39 BogoMIPS (lpj=3187198)
2025-04-22T23:24:16.958812+00:00 ubuntu-core1 kernel: Last level iTLB entries: 4KB 0, 2MB 0, 4MB 0
2025-04-22T23:24:16.958812+00:00 ubuntu-core1 kernel: Last level dTLB entries: 4KB 0, 2MB 0, 4MB 0, 1GB 0
2025-04-22T23:24:16.958813+00:00 ubuntu-core1 kernel: Spectre V1 : Mitigation: usercopy/swapgs barriers and __user pointer sanitization
2025-04-22T23:24:16.958813+00:00 ubuntu-core1 kernel: Spectre V2 : Spectre BHI mitigation: SW BHB clearing on syscall and VM exit
2025-04-22T23:24:16.958813+00:00 ubuntu-core1 kernel: Spectre V2 : Mitigation: Enhanced / Automatic IBRS
2025-04-22T23:24:16.958814+00:00 ubuntu-core1 kernel: Spectre V2 : Spectre v2 / SpectreRSB mitigation: Filling RSB on context switch
2025-04-22T23:24:16.958814+00:00 ubuntu-core1 kernel: Spectre V2 : Spectre v2 / PBRSB-eIBRS: Retire a single CALL on VMEXIT
2025-04-22T23:24:16.958814+00:00 ubuntu-core1 kernel: RETBleed: Mitigation: Enhanced IBRS
2025-04-22T23:24:16.958814+00:00 ubuntu-core1 kernel: Speculative Store Bypass: Vulnerable
2025-04-22T23:24:16.958815+00:00 ubuntu-core1 kernel: Register File Data Sampling: Vulnerable: No microcode
2025-04-22T23:24:16.958815+00:00 ubuntu-core1 kernel: x86/fpu: x87 FPU will use FXSAVE
2025-04-22T23:24:16.958815+00:00 ubuntu-core1 kernel: Freeing SMP alternatives memory: 48K
2025-04-22T23:24:16.958816+00:00 ubuntu-core1 kernel: pid_max: default: 32768 minimum: 301
2025-04-22T23:24:16.958816+00:00 ubuntu-core1 kernel: LSM: initializing lsm=lockdown,capability,landlock,yama,apparmor,ima,evm
2025-04-22T23:24:16.958816+00:00 ubuntu-core1 kernel: landlock: Up and running.
2025-04-22T23:24:16.958817+00:00 ubuntu-core1 kernel: Yama: becoming mindful.
2025-04-22T23:24:16.958817+00:00 ubuntu-core1 kernel: AppArmor: AppArmor initialized
2025-04-22T23:24:16.958817+00:00 ubuntu-core1 kernel: Mount-cache hash table entries: 16384 (order: 5, 131072 bytes, linear)
2025-04-22T23:24:16.958818+00:00 ubuntu-core1 kernel: Mountpoint-cache hash table entries: 16384 (order: 5, 131072 bytes, linear)
2025-04-22T23:24:16.958818+00:00 ubuntu-core1 kernel: APIC calibration not consistent with PM-Timer: 103ms instead of 100ms
2025-04-22T23:24:16.958818+00:00 ubuntu-core1 kernel: APIC delta adjusted to PM-Timer: 6282909 (6477494)
2025-04-22T23:24:16.958819+00:00 ubuntu-core1 kernel: smpboot: CPU0: 12th Gen Intel(R) Core(TM) i9-12900K (family: 0x6, model: 0x97, stepping: 0x2)
2025-04-22T23:24:16.958819+00:00 ubuntu-core1 kernel: Performance Events: unsupported p6 CPU model 151 no PMU driver, software events only.
2025-04-22T23:24:16.958819+00:00 ubuntu-core1 kernel: signal: max sigframe size: 1440
2025-04-22T23:24:16.958819+00:00 ubuntu-core1 kernel: rcu: Hierarchical SRCU implementation.
2025-04-22T23:24:16.958820+00:00 ubuntu-core1 kernel: rcu: 	Max phase no-delay instances is 400.
2025-04-22T23:24:16.958820+00:00 ubuntu-core1 kernel: Timer migration: 1 hierarchy levels; 8 children per group; 1 crossnode level
2025-04-22T23:24:16.958820+00:00 ubuntu-core1 kernel: NMI watchdog: Perf NMI watchdog permanently disabled
2025-04-22T23:24:16.958822+00:00 ubuntu-core1 kernel: smp: Bringing up secondary CPUs ...
2025-04-22T23:24:16.958823+00:00 ubuntu-core1 kernel: smpboot: x86: Booting SMP configuration:
2025-04-22T23:24:16.958823+00:00 ubuntu-core1 kernel: .... node  #0, CPUs:      #1 #2 #3
2025-04-22T23:24:16.958823+00:00 ubuntu-core1 kernel: TSC synchronization [CPU#0 -> CPU#1]:
2025-04-22T23:24:16.958823+00:00 ubuntu-core1 kernel: Measured 272163 cycles TSC warp between CPUs, turning off TSC clock.
2025-04-22T23:24:16.958823+00:00 ubuntu-core1 kernel: tsc: Marking TSC unstable due to check_tsc_sync_source failed
2025-04-22T23:24:16.958824+00:00 ubuntu-core1 kernel: smp: Brought up 1 node, 4 CPUs
2025-04-22T23:24:16.958824+00:00 ubuntu-core1 kernel: smpboot: Total of 4 processors activated (25497.58 BogoMIPS)
2025-04-22T23:24:16.958825+00:00 ubuntu-core1 kernel: Memory: 7516416K/8388152K available (21770K kernel code, 4579K rwdata, 15936K rodata, 5096K init, 4468K bss, 863904K reserved, 0K cma-reserved)
2025-04-22T23:24:16.958825+00:00 ubuntu-core1 kernel: devtmpfs: initialized
2025-04-22T23:24:16.958825+00:00 ubuntu-core1 kernel: x86/mm: Memory block size: 128MB
2025-04-22T23:24:16.958825+00:00 ubuntu-core1 kernel: clocksource: jiffies: mask: 0xffffffff max_cycles: 0xffffffff, max_idle_ns: 1911260446275000 ns
2025-04-22T23:24:16.958826+00:00 ubuntu-core1 kernel: futex hash table entries: 1024 (order: 4, 65536 bytes, linear)
2025-04-22T23:24:16.958827+00:00 ubuntu-core1 kernel: pinctrl core: initialized pinctrl subsystem
2025-04-22T23:24:16.958827+00:00 ubuntu-core1 kernel: PM: RTC time: 23:24:08, date: 2025-04-22
2025-04-22T23:24:16.958827+00:00 ubuntu-core1 kernel: NET: Registered PF_NETLINK/PF_ROUTE protocol family
2025-04-22T23:24:16.958827+00:00 ubuntu-core1 kernel: DMA: preallocated 1024 KiB GFP_KERNEL pool for atomic allocations
2025-04-22T23:24:16.958827+00:00 ubuntu-core1 kernel: DMA: preallocated 1024 KiB GFP_KERNEL|GFP_DMA pool for atomic allocations
2025-04-22T23:24:16.958827+00:00 ubuntu-core1 kernel: DMA: preallocated 1024 KiB GFP_KERNEL|GFP_DMA32 pool for atomic allocations
2025-04-22T23:24:16.958829+00:00 ubuntu-core1 kernel: audit: initializing netlink subsys (disabled)
2025-04-22T23:24:16.958829+00:00 ubuntu-core1 kernel: audit: type=2000 audit(1745364726.760:1): state=initialized audit_enabled=0 res=1
2025-04-22T23:24:16.958829+00:00 ubuntu-core1 kernel: thermal_sys: Registered thermal governor 'fair_share'
2025-04-22T23:24:16.958829+00:00 ubuntu-core1 kernel: thermal_sys: Registered thermal governor 'bang_bang'
2025-04-22T23:24:16.958829+00:00 ubuntu-core1 kernel: thermal_sys: Registered thermal governor 'step_wise'
2025-04-22T23:24:16.958829+00:00 ubuntu-core1 kernel: thermal_sys: Registered thermal governor 'user_space'
2025-04-22T23:24:16.958830+00:00 ubuntu-core1 kernel: thermal_sys: Registered thermal governor 'power_allocator'
2025-04-22T23:24:16.958831+00:00 ubuntu-core1 kernel: EISA bus registered
2025-04-22T23:24:16.958831+00:00 ubuntu-core1 kernel: cpuidle: using governor ladder
2025-04-22T23:24:16.958831+00:00 ubuntu-core1 kernel: cpuidle: using governor menu
2025-04-22T23:24:16.958831+00:00 ubuntu-core1 kernel: acpiphp: ACPI Hot Plug PCI Controller Driver version: 0.5
2025-04-22T23:24:16.958831+00:00 ubuntu-core1 kernel: PCI: Using configuration type 1 for base access
2025-04-22T23:24:16.958831+00:00 ubuntu-core1 kernel: mtrr: your CPUs had inconsistent variable MTRR settings
2025-04-22T23:24:16.958832+00:00 ubuntu-core1 kernel: mtrr: probably your BIOS does not setup all CPUs.
2025-04-22T23:24:16.958833+00:00 ubuntu-core1 kernel: mtrr: corrected configuration.
2025-04-22T23:24:16.958833+00:00 ubuntu-core1 kernel: kprobes: kprobe jump-optimization is enabled. All kprobes are optimized if possible.
2025-04-22T23:24:16.958833+00:00 ubuntu-core1 kernel: HugeTLB: registered 2.00 MiB page size, pre-allocated 0 pages
2025-04-22T23:24:16.958833+00:00 ubuntu-core1 kernel: HugeTLB: 28 KiB vmemmap can be freed for a 2.00 MiB page
2025-04-22T23:24:16.958833+00:00 ubuntu-core1 kernel: ACPI: Added _OSI(Module Device)
2025-04-22T23:24:16.958836+00:00 ubuntu-core1 kernel: ACPI: Added _OSI(Processor Device)
2025-04-22T23:24:16.958836+00:00 ubuntu-core1 kernel: ACPI: Added _OSI(3.0 _SCP Extensions)
2025-04-22T23:24:16.958837+00:00 ubuntu-core1 kernel: ACPI: Added _OSI(Processor Aggregator Device)
2025-04-22T23:24:16.958855+00:00 ubuntu-core1 kernel: ACPI: 2 ACPI AML tables successfully acquired and loaded
2025-04-22T23:24:16.958856+00:00 ubuntu-core1 kernel: ACPI: Interpreter enabled
2025-04-22T23:24:16.958856+00:00 ubuntu-core1 kernel: ACPI: PM: (supports S0 S5)
2025-04-22T23:24:16.958857+00:00 ubuntu-core1 kernel: ACPI: Using IOAPIC for interrupt routing
2025-04-22T23:24:16.958858+00:00 ubuntu-core1 kernel: PCI: Using host bridge windows from ACPI; if necessary, use "pci=nocrs" and report a bug
2025-04-22T23:24:16.958858+00:00 ubuntu-core1 kernel: PCI: Using E820 reservations for host bridge windows
2025-04-22T23:24:16.958858+00:00 ubuntu-core1 kernel: ACPI: Enabled 2 GPEs in block 00 to 07
2025-04-22T23:24:16.958858+00:00 ubuntu-core1 kernel: ACPI: PCI Root Bridge [PCI0] (domain 0000 [bus 00-ff])
2025-04-22T23:24:16.958858+00:00 ubuntu-core1 kernel: acpi PNP0A03:00: _OSC: OS supports [ASPM ClockPM Segments MSI EDR HPX-Type3]
2025-04-22T23:24:16.958859+00:00 ubuntu-core1 kernel: acpi PNP0A03:00: _OSC: not requesting OS control; OS requires [ExtendedConfig ASPM ClockPM MSI]
2025-04-22T23:24:16.958860+00:00 ubuntu-core1 kernel: acpi PNP0A03:00: fail to add MMCONFIG information, can't access extended configuration space under this bridge
2025-04-22T23:24:16.958860+00:00 ubuntu-core1 kernel: PCI host bridge to bus 0000:00
2025-04-22T23:24:16.958860+00:00 ubuntu-core1 kernel: pci_bus 0000:00: root bus resource [io  0x0000-0x0cf7 window]
2025-04-22T23:24:16.958861+00:00 ubuntu-core1 kernel: pci_bus 0000:00: root bus resource [io  0x0d00-0xffff window]
2025-04-22T23:24:16.958861+00:00 ubuntu-core1 kernel: pci_bus 0000:00: root bus resource [mem 0x000a0000-0x000bffff window]
2025-04-22T23:24:16.958861+00:00 ubuntu-core1 kernel: pci_bus 0000:00: root bus resource [mem 0xe0000000-0xfdffffff window]
2025-04-22T23:24:16.958862+00:00 ubuntu-core1 kernel: pci_bus 0000:00: root bus resource [bus 00-ff]
2025-04-22T23:24:16.958863+00:00 ubuntu-core1 kernel: pci 0000:00:00.0: [8086:1237] type 00 class 0x060000 conventional PCI endpoint
2025-04-22T23:24:16.958863+00:00 ubuntu-core1 kernel: pci 0000:00:01.0: [8086:7000] type 00 class 0x060100 conventional PCI endpoint
2025-04-22T23:24:16.958863+00:00 ubuntu-core1 kernel: pci 0000:00:01.1: [8086:7111] type 00 class 0x01018a conventional PCI endpoint
2025-04-22T23:24:16.958863+00:00 ubuntu-core1 kernel: pci 0000:00:01.1: BAR 4 [io  0xd000-0xd00f]
2025-04-22T23:24:16.958863+00:00 ubuntu-core1 kernel: pci 0000:00:01.1: BAR 0 [io  0x01f0-0x01f7]: legacy IDE quirk
2025-04-22T23:24:16.958865+00:00 ubuntu-core1 kernel: pci 0000:00:01.1: BAR 1 [io  0x03f6]: legacy IDE quirk
2025-04-22T23:24:16.958865+00:00 ubuntu-core1 kernel: pci 0000:00:01.1: BAR 2 [io  0x0170-0x0177]: legacy IDE quirk
2025-04-22T23:24:16.958865+00:00 ubuntu-core1 kernel: pci 0000:00:01.1: BAR 3 [io  0x0376]: legacy IDE quirk
2025-04-22T23:24:16.958865+00:00 ubuntu-core1 kernel: pci 0000:00:02.0: [15ad:0405] type 00 class 0x030000 conventional PCI endpoint
2025-04-22T23:24:16.958865+00:00 ubuntu-core1 kernel: pci 0000:00:02.0: BAR 0 [io  0xd010-0xd01f]
2025-04-22T23:24:16.958866+00:00 ubuntu-core1 kernel: pci 0000:00:02.0: BAR 1 [mem 0xe0000000-0xe0ffffff pref]
2025-04-22T23:24:16.958866+00:00 ubuntu-core1 kernel: pci 0000:00:02.0: BAR 2 [mem 0xf0000000-0xf01fffff]
2025-04-22T23:24:16.958867+00:00 ubuntu-core1 kernel: pci 0000:00:02.0: Video device with shadowed ROM at [mem 0x000c0000-0x000dffff]
2025-04-22T23:24:16.958868+00:00 ubuntu-core1 kernel: pci 0000:00:03.0: [8086:100e] type 00 class 0x020000 conventional PCI endpoint
2025-04-22T23:24:16.958868+00:00 ubuntu-core1 kernel: pci 0000:00:03.0: BAR 0 [mem 0xf0200000-0xf021ffff]
2025-04-22T23:24:16.958868+00:00 ubuntu-core1 kernel: pci 0000:00:03.0: BAR 2 [io  0xd020-0xd027]
2025-04-22T23:24:16.958868+00:00 ubuntu-core1 kernel: pci 0000:00:04.0: [80ee:cafe] type 00 class 0x088000 conventional PCI endpoint
2025-04-22T23:24:16.958868+00:00 ubuntu-core1 kernel: pci 0000:00:04.0: BAR 0 [io  0xd040-0xd05f]
2025-04-22T23:24:16.958870+00:00 ubuntu-core1 kernel: pci 0000:00:04.0: BAR 1 [mem 0xf0400000-0xf07fffff]
2025-04-22T23:24:16.958870+00:00 ubuntu-core1 kernel: pci 0000:00:04.0: BAR 2 [mem 0xf0800000-0xf0803fff pref]
2025-04-22T23:24:16.958870+00:00 ubuntu-core1 kernel: pci 0000:00:05.0: [8086:2415] type 00 class 0x040100 conventional PCI endpoint
2025-04-22T23:24:16.958870+00:00 ubuntu-core1 kernel: pci 0000:00:05.0: BAR 0 [io  0xd100-0xd1ff]
2025-04-22T23:24:16.958870+00:00 ubuntu-core1 kernel: pci 0000:00:05.0: BAR 1 [io  0xd200-0xd23f]
2025-04-22T23:24:16.958871+00:00 ubuntu-core1 kernel: pci 0000:00:06.0: [106b:003f] type 00 class 0x0c0310 conventional PCI endpoint
2025-04-22T23:24:16.958871+00:00 ubuntu-core1 kernel: pci 0000:00:06.0: BAR 0 [mem 0xf0804000-0xf0804fff]
2025-04-22T23:24:16.958872+00:00 ubuntu-core1 kernel: pci 0000:00:07.0: [8086:7113] type 00 class 0x068000 conventional PCI endpoint
2025-04-22T23:24:16.958872+00:00 ubuntu-core1 kernel: pci 0000:00:07.0: quirk: [io  0x4000-0x403f] claimed by PIIX4 ACPI
2025-04-22T23:24:16.958873+00:00 ubuntu-core1 kernel: pci 0000:00:07.0: quirk: [io  0x4100-0x410f] claimed by PIIX4 SMB
2025-04-22T23:24:16.958873+00:00 ubuntu-core1 kernel: pci 0000:00:0b.0: [8086:265c] type 00 class 0x0c0320 conventional PCI endpoint
2025-04-22T23:24:16.958873+00:00 ubuntu-core1 kernel: pci 0000:00:0b.0: BAR 0 [mem 0xf0805000-0xf0805fff]
2025-04-22T23:24:16.958873+00:00 ubuntu-core1 kernel: pci 0000:00:0d.0: [8086:2829] type 00 class 0x010601 conventional PCI endpoint
2025-04-22T23:24:16.958876+00:00 ubuntu-core1 kernel: pci 0000:00:0d.0: BAR 0 [io  0xd240-0xd247]
2025-04-22T23:24:16.958876+00:00 ubuntu-core1 kernel: pci 0000:00:0d.0: BAR 1 [io  0xd248-0xd24b]
2025-04-22T23:24:16.958876+00:00 ubuntu-core1 kernel: pci 0000:00:0d.0: BAR 2 [io  0xd250-0xd257]
2025-04-22T23:24:16.958877+00:00 ubuntu-core1 kernel: pci 0000:00:0d.0: BAR 3 [io  0xd258-0xd25b]
2025-04-22T23:24:16.958877+00:00 ubuntu-core1 kernel: pci 0000:00:0d.0: BAR 4 [io  0xd260-0xd26f]
2025-04-22T23:24:16.958877+00:00 ubuntu-core1 kernel: pci 0000:00:0d.0: BAR 5 [mem 0xf0806000-0xf0807fff]
2025-04-22T23:24:16.958880+00:00 ubuntu-core1 kernel: ACPI: PCI: Interrupt link LNKA configured for IRQ 11
2025-04-22T23:24:16.958880+00:00 ubuntu-core1 kernel: ACPI: PCI: Interrupt link LNKB configured for IRQ 10
2025-04-22T23:24:16.958880+00:00 ubuntu-core1 kernel: ACPI: PCI: Interrupt link LNKC configured for IRQ 9
2025-04-22T23:24:16.958880+00:00 ubuntu-core1 kernel: ACPI: PCI: Interrupt link LNKD configured for IRQ 11
2025-04-22T23:24:16.958880+00:00 ubuntu-core1 kernel: iommu: Default domain type: Translated
2025-04-22T23:24:16.958881+00:00 ubuntu-core1 kernel: iommu: DMA domain TLB invalidation policy: lazy mode
2025-04-22T23:24:16.958881+00:00 ubuntu-core1 kernel: SCSI subsystem initialized
2025-04-22T23:24:16.958921+00:00 ubuntu-core1 kernel: libata version 3.00 loaded.
2025-04-22T23:24:16.958922+00:00 ubuntu-core1 kernel: ACPI: bus type USB registered
2025-04-22T23:24:16.958922+00:00 ubuntu-core1 kernel: usbcore: registered new interface driver usbfs
2025-04-22T23:24:16.958923+00:00 ubuntu-core1 kernel: usbcore: registered new interface driver hub
2025-04-22T23:24:16.958923+00:00 ubuntu-core1 kernel: usbcore: registered new device driver usb
2025-04-22T23:24:16.958923+00:00 ubuntu-core1 kernel: pps_core: LinuxPPS API ver. 1 registered
2025-04-22T23:24:16.959144+00:00 ubuntu-core1 systemd-modules-load[303]: Inserted module 'lp'
2025-04-22T23:24:16.959157+00:00 ubuntu-core1 systemd[1]: Finished systemd-udev-load-credentials.service - Load udev Rules from Credentials.
2025-04-22T23:24:16.959160+00:00 ubuntu-core1 systemd[1]: Mounted sys-fs-fuse-connections.mount - FUSE Control File System.
2025-04-22T23:24:16.959162+00:00 ubuntu-core1 systemd[1]: Mounted sys-kernel-config.mount - Kernel Configuration File System.
2025-04-22T23:24:16.959163+00:00 ubuntu-core1 systemd-modules-load[303]: Inserted module 'ppdev'
2025-04-22T23:24:16.959164+00:00 ubuntu-core1 systemd[1]: Starting cloud-init-main.service - Cloud-init: Single Process...
2025-04-22T23:24:16.959165+00:00 ubuntu-core1 systemd[1]: systemd-hwdb-update.service - Rebuild Hardware Database was skipped because no trigger condition checks were met.
2025-04-22T23:24:16.959166+00:00 ubuntu-core1 systemd[1]: Starting systemd-journal-flush.service - Flush Journal to Persistent Storage...
2025-04-22T23:24:16.959168+00:00 ubuntu-core1 systemd[1]: systemd-pstore.service - Platform Persistent Storage Archival was skipped because of an unmet condition check (ConditionDirectoryNotEmpty=/sys/fs/pstore).
2025-04-22T23:24:16.959170+00:00 ubuntu-core1 systemd-modules-load[303]: Inserted module 'parport_pc'
2025-04-22T23:24:16.959171+00:00 ubuntu-core1 systemd[1]: Starting systemd-random-seed.service - Load/Save OS Random Seed...
2025-04-22T23:24:16.959172+00:00 ubuntu-core1 systemd[1]: systemd-tpm2-setup.service - TPM SRK Setup was skipped because of an unmet condition check (ConditionSecurity=measured-uki).
2025-04-22T23:24:16.959173+00:00 ubuntu-core1 systemd-modules-load[303]: Inserted module 'msr'
2025-04-22T23:24:16.959175+00:00 ubuntu-core1 systemd[1]: Finished systemd-modules-load.service - Load Kernel Modules.
2025-04-22T23:24:16.959177+00:00 ubuntu-core1 systemd[1]: Starting systemd-sysctl.service - Apply Kernel Variables...
2025-04-22T23:24:16.959178+00:00 ubuntu-core1 systemd[1]: Finished systemd-random-seed.service - Load/Save OS Random Seed.
2025-04-22T23:24:16.959180+00:00 ubuntu-core1 systemd[1]: Finished systemd-tmpfiles-setup-dev-early.service - Create Static Device Nodes in /dev gracefully.
2025-04-22T23:24:16.959181+00:00 ubuntu-core1 systemd[1]: Finished systemd-udev-trigger.service - Coldplug All udev Devices.
2025-04-22T23:24:16.959182+00:00 ubuntu-core1 systemd[1]: Starting systemd-sysusers.service - Create System Users...
2025-04-22T23:24:16.959183+00:00 ubuntu-core1 systemd-oomd[304]: No swap; memory pressure usage will be degraded
2025-04-22T23:24:16.959185+00:00 ubuntu-core1 systemd[1]: Started systemd-oomd.service - Userspace Out-Of-Memory (OOM) Killer.
2025-04-22T23:24:16.959186+00:00 ubuntu-core1 systemd[1]: Finished keyboard-setup.service - Set the console keyboard layout.
2025-04-22T23:24:16.959187+00:00 ubuntu-core1 systemd[1]: Finished systemd-journal-flush.service - Flush Journal to Persistent Storage.
2025-04-22T23:24:16.959189+00:00 ubuntu-core1 systemd[1]: Finished systemd-sysctl.service - Apply Kernel Variables.
2025-04-22T23:24:16.959190+00:00 ubuntu-core1 systemd-sysusers[351]: Creating group 'gamemode' with GID 985.
2025-04-22T23:24:16.959191+00:00 ubuntu-core1 systemd-sysusers[351]: Creating group 'gnome-initial-setup' with GID 984.
2025-04-22T23:24:16.959197+00:00 ubuntu-core1 systemd[1]: Finished systemd-sysusers.service - Create System Users.
2025-04-22T23:24:16.959198+00:00 ubuntu-core1 systemd[1]: Starting systemd-resolved.service - Network Name Resolution...
2025-04-22T23:24:16.959199+00:00 ubuntu-core1 systemd[1]: Starting systemd-timesyncd.service - Network Time Synchronization...
2025-04-22T23:24:16.959201+00:00 ubuntu-core1 systemd[1]: Starting systemd-tmpfiles-setup-dev.service - Create Static Device Nodes in /dev...
2025-04-22T23:24:16.959202+00:00 ubuntu-core1 systemd[1]: Finished systemd-tmpfiles-setup-dev.service - Create Static Device Nodes in /dev.
2025-04-22T23:24:16.959203+00:00 ubuntu-core1 systemd[1]: Reached target local-fs-pre.target - Preparation for Local File Systems.
2025-04-22T23:24:16.959205+00:00 ubuntu-core1 systemd[1]: Starting systemd-udevd.service - Rule-based Manager for Device Events and Files...
2025-04-22T23:24:16.959206+00:00 ubuntu-core1 systemd[1]: Started systemd-timesyncd.service - Network Time Synchronization.
2025-04-22T23:24:16.959207+00:00 ubuntu-core1 systemd[1]: Reached target time-set.target - System Time Set.
2025-04-22T23:24:16.959209+00:00 ubuntu-core1 systemd-resolved[359]: Positive Trust Anchors:
2025-04-22T23:24:16.959210+00:00 ubuntu-core1 systemd-resolved[359]: . IN DS 20326 8 2 e06d44b80b8f1d39a95c0b0d7c65d08458e880409bbc683457104237c7f8ec8d
2025-04-22T23:24:16.959211+00:00 ubuntu-core1 systemd-resolved[359]: . IN DS 38696 8 2 683d2d0acb8c9b712a1948b27f741219298d0a450d612c483af444a4c0fb2b16
2025-04-22T23:24:16.959213+00:00 ubuntu-core1 systemd-resolved[359]: Negative trust anchors: home.arpa 10.in-addr.arpa 16.172.in-addr.arpa 17.172.in-addr.arpa 18.172.in-addr.arpa 19.172.in-addr.arpa 20.172.in-addr.arpa 21.172.in-addr.arpa 22.172.in-addr.arpa 23.172.in-addr.arpa 24.172.in-addr.arpa 25.172.in-addr.arpa 26.172.in-addr.arpa 27.172.in-addr.arpa 28.172.in-addr.arpa 29.172.in-addr.arpa 30.172.in-addr.arpa 31.172.in-addr.arpa 170.0.0.192.in-addr.arpa 171.0.0.192.in-addr.arpa 168.192.in-addr.arpa d.f.ip6.arpa ipv4only.arpa resolver.arpa corp home internal intranet lan local private test
2025-04-22T23:24:16.959215+00:00 ubuntu-core1 systemd-udevd[368]: Using default interface naming scheme 'v257'.
2025-04-22T23:24:16.959216+00:00 ubuntu-core1 systemd-resolved[359]: Using system hostname 'ubuntu-core1'.
2025-04-22T23:24:16.959217+00:00 ubuntu-core1 systemd[1]: Started systemd-resolved.service - Network Name Resolution.
2025-04-22T23:24:16.959218+00:00 ubuntu-core1 systemd[1]: Reached target nss-lookup.target - Host and Network Name Lookups.
2025-04-22T23:24:16.959220+00:00 ubuntu-core1 systemd-udevd[368]: /usr/lib/udev/rules.d/90-alsa-restore.rules:16 GOTO="alsa_restore_std" has no matching label, ignoring.
2025-04-22T23:24:16.959222+00:00 ubuntu-core1 systemd-udevd[368]: /usr/lib/udev/rules.d/90-alsa-restore.rules:16 The line has no effect any more, dropping.
2025-04-22T23:24:16.959223+00:00 ubuntu-core1 systemd-udevd[368]: /usr/lib/udev/rules.d/90-alsa-restore.rules:20 GOTO="alsa_restore_std" has no matching label, ignoring.
2025-04-22T23:24:16.959224+00:00 ubuntu-core1 systemd-udevd[368]: /usr/lib/udev/rules.d/90-alsa-restore.rules:20 The line has no effect any more, dropping.
2025-04-22T23:24:16.959225+00:00 ubuntu-core1 systemd[1]: Started systemd-udevd.service - Rule-based Manager for Device Events and Files.
2025-04-22T23:24:16.959226+00:00 ubuntu-core1 systemd[1]: Starting plymouth-start.service - Show Plymouth Boot Screen...
2025-04-22T23:24:16.959228+00:00 ubuntu-core1 systemd[1]: Started plymouth-start.service - Show Plymouth Boot Screen.
2025-04-22T23:24:16.959229+00:00 ubuntu-core1 systemd[1]: systemd-ask-password-console.path - Dispatch Password Requests to Console Directory Watch was skipped because of an unmet condition check (ConditionPathExists=!/run/plymouth/pid).
2025-04-22T23:24:16.959231+00:00 ubuntu-core1 systemd[1]: Started systemd-ask-password-plymouth.path - Forward Password Requests to Plymouth Directory Watch.
2025-04-22T23:24:16.959232+00:00 ubuntu-core1 systemd[1]: Reached target cryptsetup.target - Local Encrypted Volumes.
2025-04-22T23:24:16.959234+00:00 ubuntu-core1 mtp-probe: checking bus 1, device 2: "/sys/devices/pci0000:00/0000:00:06.0/usb1/1-1"
2025-04-22T23:24:16.959236+00:00 ubuntu-core1 mtp-probe: bus: 1, device: 2 was not an MTP device
2025-04-22T23:24:16.959238+00:00 ubuntu-core1 (udev-worker)[400]: sr0: Process '/usr/bin/unshare -m /usr/bin/snap auto-import --mount=/dev/sr0' failed with exit code 1.
2025-04-22T23:24:16.959240+00:00 ubuntu-core1 (udev-worker)[375]: sda: Process '/usr/bin/unshare -m /usr/bin/snap auto-import --mount=/dev/sda' failed with exit code 1.
2025-04-22T23:24:16.959241+00:00 ubuntu-core1 (udev-worker)[401]: sda2: Process '/usr/bin/unshare -m /usr/bin/snap auto-import --mount=/dev/sda2' failed with exit code 1.
2025-04-22T23:24:16.959243+00:00 ubuntu-core1 systemd[1]: Listening on systemd-rfkill.socket - Load/Save RF Kill Switch Status /dev/rfkill Watch.
2025-04-22T23:24:16.959244+00:00 ubuntu-core1 (udev-worker)[375]: sda1: Process '/usr/bin/unshare -m /usr/bin/snap auto-import --mount=/dev/sda1' failed with exit code 1.
2025-04-22T23:24:16.959246+00:00 ubuntu-core1 systemd[1]: Started cloud-init-main.service - Cloud-init: Single Process.
2025-04-22T23:24:16.959247+00:00 ubuntu-core1 systemd[1]: Starting cloud-init-local.service - Cloud-init: Local Stage (pre-network)...
2025-04-22T23:24:16.959248+00:00 ubuntu-core1 cloud-init[618]: Cloud-init v. 25.1.1-0ubuntu2 running 'init-local' at Tue, 22 Apr 2025 23:24:12 +0000. Up 4.68 seconds.
2025-04-22T23:24:16.959250+00:00 ubuntu-core1 systemd[1]: netplan-ovs-cleanup.service - OpenVSwitch configuration for cleanup was skipped because of an unmet condition check (ConditionFileIsExecutable=/usr/bin/ovs-vsctl).
2025-04-22T23:24:16.959251+00:00 ubuntu-core1 systemd-udevd[368]: /usr/lib/udev/rules.d/90-alsa-restore.rules:16 GOTO="alsa_restore_std" has no matching label, ignoring.
2025-04-22T23:24:16.959253+00:00 ubuntu-core1 systemd-udevd[368]: /usr/lib/udev/rules.d/90-alsa-restore.rules:16 The line has no effect any more, dropping.
2025-04-22T23:24:16.959254+00:00 ubuntu-core1 systemd-udevd[368]: /usr/lib/udev/rules.d/90-alsa-restore.rules:20 GOTO="alsa_restore_std" has no matching label, ignoring.
2025-04-22T23:24:16.959255+00:00 ubuntu-core1 systemd-udevd[368]: /usr/lib/udev/rules.d/90-alsa-restore.rules:20 The line has no effect any more, dropping.
2025-04-22T23:24:16.959256+00:00 ubuntu-core1 systemd[1]: Reload requested from client PID 772 ('systemctl') (unit cloud-init-main.service)...
2025-04-22T23:24:16.959258+00:00 ubuntu-core1 systemd[1]: Reloading...
2025-04-22T23:24:16.959260+00:00 ubuntu-core1 systemd-timesyncd[360]: Network configuration changed, trying to establish connection.
2025-04-22T23:24:16.959264+00:00 ubuntu-core1 systemd-timesyncd[360]: message repeated 2 times: [ Network configuration changed, trying to establish connection.]
2025-04-22T23:24:16.959266+00:00 ubuntu-core1 (udev-worker)[781]: controlC0: Process '/usr/sbin/alsactl -E HOME=/run/alsa -E XDG_RUNTIME_DIR=/run/alsa/runtime restore ' failed with exit code 99.
2025-04-22T23:24:16.959270+00:00 ubuntu-core1 systemd[1]: Reloading finished in 188 ms.
2025-04-22T23:24:16.959271+00:00 ubuntu-core1 systemd[1]: systemd-ask-password-console.path - Dispatch Password Requests to Console Directory Watch was skipped because of an unmet condition check (ConditionPathExists=!/run/plymouth/pid).
2025-04-22T23:24:16.959272+00:00 ubuntu-core1 systemd[1]: Mounting snap-bare-5.mount - Mount unit for bare, revision 5...
2025-04-22T23:24:16.959274+00:00 ubuntu-core1 systemd[1]: Mounting snap-core22-1908.mount - Mount unit for core22, revision 1908...
2025-04-22T23:24:16.959275+00:00 ubuntu-core1 systemd[1]: Mounting snap-desktop\x2dsecurity\x2dcenter-59.mount - Mount unit for desktop-security-center, revision 59...
2025-04-22T23:24:16.959276+00:00 ubuntu-core1 systemd[1]: Mounting snap-firefox-6042.mount - Mount unit for firefox, revision 6042...
2025-04-22T23:24:16.959277+00:00 ubuntu-core1 systemd[1]: Mounting snap-firmware\x2dupdater-167.mount - Mount unit for firmware-updater, revision 167...
2025-04-22T23:24:16.959280+00:00 ubuntu-core1 systemd[1]: Mounting snap-gnome\x2d42\x2d2204-202.mount - Mount unit for gnome-42-2204, revision 202...
2025-04-22T23:24:16.959282+00:00 ubuntu-core1 systemd[1]: Mounting snap-gtk\x2dcommon\x2dthemes-1535.mount - Mount unit for gtk-common-themes, revision 1535...
2025-04-22T23:24:16.959283+00:00 ubuntu-core1 sh[589]: Completed socket interaction for boot stage local
2025-04-22T23:24:16.959285+00:00 ubuntu-core1 systemd[1]: Mounting snap-prompting\x2dclient-104.mount - Mount unit for prompting-client, revision 104...
2025-04-22T23:24:16.959286+00:00 ubuntu-core1 systemd[1]: Mounting snap-snap\x2dstore-1270.mount - Mount unit for snap-store, revision 1270...
2025-04-22T23:24:16.959287+00:00 ubuntu-core1 systemd[1]: Mounting snap-snapd-23771.mount - Mount unit for snapd, revision 23771...
2025-04-22T23:24:16.959289+00:00 ubuntu-core1 systemd[1]: Mounting snap-snapd\x2ddesktop\x2dintegration-253.mount - Mount unit for snapd-desktop-integration, revision 253...
2025-04-22T23:24:16.959290+00:00 ubuntu-core1 systemd[1]: Starting modprobe@efi_pstore.service - Load Kernel Module efi_pstore...
2025-04-22T23:24:16.959292+00:00 ubuntu-core1 systemd[1]: systemd-fsck-root.service - File System Check on Root Device was skipped because of an unmet condition check (ConditionPathExists=!/run/initramfs/fsck-root).
2025-04-22T23:24:16.959293+00:00 ubuntu-core1 systemd[1]: systemd-hibernate-clear.service - Clear Stale Hibernate Storage Info was skipped because of an unmet condition check (ConditionPathExists=/sys/firmware/efi/efivars/HibernateLocation-8cf2644b-4b0b-428f-9387-6d876050dc67).
2025-04-22T23:24:16.959294+00:00 ubuntu-core1 systemd[1]: systemd-hwdb-update.service - Rebuild Hardware Database was skipped because no trigger condition checks were met.
2025-04-22T23:24:16.959296+00:00 ubuntu-core1 systemd[1]: systemd-pcrmachine.service - TPM PCR Machine ID Measurement was skipped because of an unmet condition check (ConditionSecurity=measured-uki).
2025-04-22T23:24:16.959298+00:00 ubuntu-core1 systemd[1]: systemd-tpm2-setup-early.service - Early TPM SRK Setup was skipped because of an unmet condition check (ConditionSecurity=measured-uki).
2025-04-22T23:24:16.959299+00:00 ubuntu-core1 systemd[1]: systemd-tpm2-setup.service - TPM SRK Setup was skipped because of an unmet condition check (ConditionSecurity=measured-uki).
2025-04-22T23:24:16.959300+00:00 ubuntu-core1 systemd[1]: Finished cloud-init-local.service - Cloud-init: Local Stage (pre-network).
2025-04-22T23:24:16.959301+00:00 ubuntu-core1 systemd[1]: Mounted snap-bare-5.mount - Mount unit for bare, revision 5.
2025-04-22T23:24:16.959303+00:00 ubuntu-core1 systemd[1]: Mounted snap-core22-1908.mount - Mount unit for core22, revision 1908.
2025-04-22T23:24:16.959304+00:00 ubuntu-core1 systemd[1]: Mounted snap-desktop\x2dsecurity\x2dcenter-59.mount - Mount unit for desktop-security-center, revision 59.
2025-04-22T23:24:16.959305+00:00 ubuntu-core1 systemd[1]: Mounted snap-firefox-6042.mount - Mount unit for firefox, revision 6042.
2025-04-22T23:24:16.959306+00:00 ubuntu-core1 systemd[1]: Mounted snap-firmware\x2dupdater-167.mount - Mount unit for firmware-updater, revision 167.
2025-04-22T23:24:16.959307+00:00 ubuntu-core1 systemd[1]: Mounted snap-gnome\x2d42\x2d2204-202.mount - Mount unit for gnome-42-2204, revision 202.
2025-04-22T23:24:16.959309+00:00 ubuntu-core1 systemd[1]: Mounted snap-prompting\x2dclient-104.mount - Mount unit for prompting-client, revision 104.
2025-04-22T23:24:16.959310+00:00 ubuntu-core1 systemd[1]: Mounted snap-snap\x2dstore-1270.mount - Mount unit for snap-store, revision 1270.
2025-04-22T23:24:16.959311+00:00 ubuntu-core1 systemd[1]: Mounted snap-snapd\x2ddesktop\x2dintegration-253.mount - Mount unit for snapd-desktop-integration, revision 253.
2025-04-22T23:24:16.959312+00:00 ubuntu-core1 systemd[1]: modprobe@efi_pstore.service: Deactivated successfully.
2025-04-22T23:24:16.959314+00:00 ubuntu-core1 systemd[1]: Finished modprobe@efi_pstore.service - Load Kernel Module efi_pstore.
2025-04-22T23:24:16.959315+00:00 ubuntu-core1 systemd[1]: Mounted snap-gtk\x2dcommon\x2dthemes-1535.mount - Mount unit for gtk-common-themes, revision 1535.
2025-04-22T23:24:16.959317+00:00 ubuntu-core1 systemd[1]: Mounted snap-snapd-23771.mount - Mount unit for snapd, revision 23771.
2025-04-22T23:24:16.959319+00:00 ubuntu-core1 systemd[1]: Reached target snapd.mounts.target - Mounted snaps.
2025-04-22T23:24:16.959320+00:00 ubuntu-core1 systemd[1]: Reached target local-fs.target - Local File Systems.
2025-04-22T23:24:16.959321+00:00 ubuntu-core1 systemd-timesyncd[360]: Network configuration changed, trying to establish connection.
2025-04-22T23:24:16.959322+00:00 ubuntu-core1 systemd[1]: Listening on systemd-sysext.socket - System Extension Image Management.
2025-04-22T23:24:16.959324+00:00 ubuntu-core1 systemd[1]: Starting apparmor.service - Load AppArmor profiles...
2025-04-22T23:24:16.959325+00:00 ubuntu-core1 systemd[1]: Starting console-setup.service - Set console font and keymap...
2025-04-22T23:24:16.959326+00:00 ubuntu-core1 systemd[1]: Starting kdump-tools.service - Kernel crash dump capture service...
2025-04-22T23:24:16.959328+00:00 ubuntu-core1 systemd[1]: Starting plymouth-read-write.service - Tell Plymouth To Write Out Runtime Data...
2025-04-22T23:24:16.959329+00:00 ubuntu-core1 systemd[1]: Starting systemd-binfmt.service - Set Up Additional Binary Formats...
2025-04-22T23:24:16.959330+00:00 ubuntu-core1 systemd[1]: systemd-pstore.service - Platform Persistent Storage Archival was skipped because of an unmet condition check (ConditionDirectoryNotEmpty=/sys/fs/pstore).
2025-04-22T23:24:16.959332+00:00 ubuntu-core1 systemd[1]: Starting systemd-tmpfiles-setup.service - Create System Files and Directories...
2025-04-22T23:24:16.959333+00:00 ubuntu-core1 systemd[1]: Starting ufw.service - Uncomplicated firewall...
2025-04-22T23:24:16.959334+00:00 ubuntu-core1 systemd[1]: Finished console-setup.service - Set console font and keymap.
2025-04-22T23:24:16.959335+00:00 ubuntu-core1 systemd[1]: proc-sys-fs-binfmt_misc.automount: Got automount request for /proc/sys/fs/binfmt_misc, triggered by 946 (systemd-binfmt)
2025-04-22T23:24:16.959336+00:00 ubuntu-core1 systemd[1]: Received SIGRTMIN+20 from PID 212 (plymouthd).
2025-04-22T23:24:16.959338+00:00 ubuntu-core1 systemd-timesyncd[360]: Network configuration changed, trying to establish connection.
2025-04-22T23:24:16.959340+00:00 ubuntu-core1 apparmor.systemd[942]: Restarting AppArmor
2025-04-22T23:24:16.959341+00:00 ubuntu-core1 systemd[1]: Finished ufw.service - Uncomplicated firewall.
2025-04-22T23:24:16.959342+00:00 ubuntu-core1 systemd[1]: Finished plymouth-read-write.service - Tell Plymouth To Write Out Runtime Data.
2025-04-22T23:24:16.959343+00:00 ubuntu-core1 systemd[1]: Reached target network-pre.target - Preparation for Network.
2025-04-22T23:24:16.959344+00:00 ubuntu-core1 systemd-tmpfiles[947]: /usr/lib/tmpfiles.d/legacy.conf:14: Duplicate line for path "/run/lock", ignoring.
2025-04-22T23:24:16.959346+00:00 ubuntu-core1 apparmor.systemd[942]: Reloading AppArmor profiles
2025-04-22T23:24:16.959348+00:00 ubuntu-core1 systemd-timesyncd[360]: Network configuration changed, trying to establish connection.
2025-04-22T23:24:16.959349+00:00 ubuntu-core1 systemd-timesyncd[360]: Network configuration changed, trying to establish connection.
2025-04-22T23:24:16.959350+00:00 ubuntu-core1 systemd[1]: Finished systemd-tmpfiles-setup.service - Create System Files and Directories.
2025-04-22T23:24:16.959352+00:00 ubuntu-core1 systemd[1]: Starting ldconfig.service - Rebuild Dynamic Linker Cache...
2025-04-22T23:24:16.959353+00:00 ubuntu-core1 systemd[1]: systemd-firstboot.service - First Boot Wizard was skipped because of an unmet condition check (ConditionFirstBoot=yes).
2025-04-22T23:24:16.959355+00:00 ubuntu-core1 systemd[1]: first-boot-complete.target - First Boot Complete was skipped because of an unmet condition check (ConditionFirstBoot=yes).
2025-04-22T23:24:16.959356+00:00 ubuntu-core1 systemd[1]: Starting systemd-journal-catalog-update.service - Rebuild Journal Catalog...
2025-04-22T23:24:16.959357+00:00 ubuntu-core1 systemd[1]: systemd-machine-id-commit.service - Save Transient machine-id to Disk was skipped because of an unmet condition check (ConditionPathIsMountPoint=/etc/machine-id).
2025-04-22T23:24:16.959358+00:00 ubuntu-core1 systemd[1]: Finished kdump-tools.service - Kernel crash dump capture service.
2025-04-22T23:24:16.959359+00:00 ubuntu-core1 systemd[1]: Finished systemd-journal-catalog-update.service - Rebuild Journal Catalog.
2025-04-22T23:24:16.959361+00:00 ubuntu-core1 apparmor.systemd[1116]: Warning: found usr.sbin.sssd in /etc/apparmor.d/force-complain, forcing complain mode
2025-04-22T23:24:16.959362+00:00 ubuntu-core1 apparmor.systemd[1116]: Warning from /etc/apparmor.d (/etc/apparmor.d/usr.sbin.sssd line 63): Caching disabled for: 'usr.sbin.sssd' due to force complain
2025-04-22T23:24:16.959364+00:00 ubuntu-core1 systemd[1]: Finished ldconfig.service - Rebuild Dynamic Linker Cache.
2025-04-22T23:24:16.959365+00:00 ubuntu-core1 systemd[1]: Starting systemd-update-done.service - Update is Completed...
2025-04-22T23:24:16.959366+00:00 ubuntu-core1 systemd[1]: Finished systemd-update-done.service - Update is Completed.
2025-04-22T23:24:16.959368+00:00 ubuntu-core1 systemd[1]: Mounting proc-sys-fs-binfmt_misc.mount - Arbitrary Executable File Formats File System...
2025-04-22T23:24:16.959370+00:00 ubuntu-core1 systemd[1]: Mounted proc-sys-fs-binfmt_misc.mount - Arbitrary Executable File Formats File System.
2025-04-22T23:24:16.959371+00:00 ubuntu-core1 systemd[1]: Finished systemd-binfmt.service - Set Up Additional Binary Formats.
2025-04-22T23:24:16.959372+00:00 ubuntu-core1 systemd[1]: Finished apparmor.service - Load AppArmor profiles.
2025-04-22T23:24:16.959373+00:00 ubuntu-core1 systemd[1]: Starting snapd.apparmor.service - Load AppArmor profiles managed internally by snapd...
2025-04-22T23:24:16.959377+00:00 ubuntu-core1 snapd-apparmor[1136]: main.go:146: Loading profiles [/var/lib/snapd/apparmor/profiles/snap-confine.snapd.23771 /var/lib/snapd/apparmor/profiles/snap-update-ns.desktop-security-center /var/lib/snapd/apparmor/profiles/snap-update-ns.firefox /var/lib/snapd/apparmor/profiles/snap-update-ns.firmware-updater /var/lib/snapd/apparmor/profiles/snap-update-ns.prompting-client /var/lib/snapd/apparmor/profiles/snap-update-ns.snap-store /var/lib/snapd/apparmor/profiles/snap-update-ns.snapd-desktop-integration /var/lib/snapd/apparmor/profiles/snap.desktop-security-center.desktop-security-center /var/lib/snapd/apparmor/profiles/snap.desktop-security-center.hook.configure /var/lib/snapd/apparmor/profiles/snap.firefox.firefox /var/lib/snapd/apparmor/profiles/snap.firefox.geckodriver /var/lib/snapd/apparmor/profiles/snap.firefox.hook.configure /var/lib/snapd/apparmor/profiles/snap.firefox.hook.disconnect-plug-host-hunspell /var/lib/snapd/apparmor/profiles/snap.firefox.hook.install /var/lib/snapd/apparmor/profiles/snap.firefox.hook.post-refresh /var/lib/snapd/apparmor/profiles/snap.firmware-updater.firmware-notifier /var/lib/snapd/apparmor/profiles/snap.firmware-updater.firmware-updater /var/lib/snapd/apparmor/profiles/snap.firmware-updater.firmware-updater-app /var/lib/snapd/apparmor/profiles/snap.firmware-updater.hook.configure /var/lib/snapd/apparmor/profiles/snap.prompting-client.daemon /var/lib/snapd/apparmor/profiles/snap.prompting-client.echo /var/lib/snapd/apparmor/profiles/snap.prompting-client.hook.configure /var/lib/snapd/apparmor/profiles/snap.prompting-client.logging-level /var/lib/snapd/apparmor/profiles/snap.prompting-client.scripted /var/lib/snapd/apparmor/profiles/snap.snap-store.hook.configure /var/lib/snapd/apparmor/profiles/snap.snap-store.show-updates /var/lib/snapd/apparmor/profiles/snap.snap-store.snap-store /var/lib/snapd/apparmor/profiles/snap.snapd-desktop-integration.hook.configure /var/lib/snapd/apparmor/profiles/snap.snapd-desktop-integration.snapd-desktop-integration]
2025-04-22T23:24:16.959381+00:00 ubuntu-core1 systemd[1]: Finished snapd.apparmor.service - Load AppArmor profiles managed internally by snapd.
2025-04-22T23:24:16.959382+00:00 ubuntu-core1 systemd[1]: Reached target sysinit.target - System Initialization.
2025-04-22T23:24:16.959383+00:00 ubuntu-core1 systemd[1]: apport-autoreport.path - Process error reports when automatic reporting is enabled (file watch) was skipped because of an unmet condition check (ConditionPathExists=/var/lib/apport/autoreport).
2025-04-22T23:24:16.959385+00:00 ubuntu-core1 systemd[1]: Started cups.path - CUPS Scheduler.
2025-04-22T23:24:16.959386+00:00 ubuntu-core1 systemd[1]: tpm-udev.path - Handle dynamically added tpm devices was skipped because of an unmet condition check (ConditionVirtualization=container).
2025-04-22T23:24:16.959387+00:00 ubuntu-core1 systemd[1]: Started whoopsie.path - Start whoopsie on modification of the /var/crash directory.
2025-04-22T23:24:16.959388+00:00 ubuntu-core1 systemd[1]: Started anacron.timer - Trigger anacron every hour.
2025-04-22T23:24:16.959389+00:00 ubuntu-core1 systemd[1]: apport-autoreport.timer - Process error reports when automatic reporting is enabled (timer based) was skipped because of an unmet condition check (ConditionPathExists=/var/lib/apport/autoreport).
2025-04-22T23:24:16.959391+00:00 ubuntu-core1 systemd[1]: Started apt-daily.timer - Daily apt download activities.
2025-04-22T23:24:16.959393+00:00 ubuntu-core1 systemd[1]: Started apt-daily-upgrade.timer - Daily apt upgrade and clean activities.
2025-04-22T23:24:16.959394+00:00 ubuntu-core1 systemd[1]: Started dpkg-db-backup.timer - Daily dpkg database backup timer.
2025-04-22T23:24:16.959712+00:00 ubuntu-core1 systemd[1]: Started e2scrub_all.timer - Periodic ext4 Online Metadata Check for All Filesystems.
2025-04-22T23:24:16.959715+00:00 ubuntu-core1 systemd[1]: Started fstrim.timer - Discard unused filesystem blocks once a week.
2025-04-22T23:24:16.959717+00:00 ubuntu-core1 systemd[1]: Started fwupd-refresh.timer - Refresh fwupd metadata regularly.
2025-04-22T23:24:16.959718+00:00 ubuntu-core1 systemd[1]: Started logrotate.timer - Daily rotation of log files.
2025-04-22T23:24:16.959724+00:00 ubuntu-core1 systemd[1]: Started man-db.timer - Daily man-db regeneration.
2025-04-22T23:24:16.959725+00:00 ubuntu-core1 systemd[1]: Started motd-news.timer - Message of the Day.
2025-04-22T23:24:16.959726+00:00 ubuntu-core1 systemd[1]: snapd.snap-repair.timer - Timer to automatically fetch and run repair assertions was skipped because no trigger condition checks were met.
2025-04-22T23:24:16.959728+00:00 ubuntu-core1 systemd[1]: Started sysstat-collect.timer - Run system activity accounting tool every 10 minutes.
2025-04-22T23:24:16.959729+00:00 ubuntu-core1 systemd[1]: Started sysstat-rotate.timer - Rotate daily system activity data file at midnight.
2025-04-22T23:24:16.959730+00:00 ubuntu-core1 systemd[1]: Started sysstat-summary.timer - Generate summary of yesterday's process accounting.
2025-04-22T23:24:16.959733+00:00 ubuntu-core1 systemd[1]: Started systemd-tmpfiles-clean.timer - Daily Cleanup of Temporary Directories.
2025-04-22T23:24:16.959734+00:00 ubuntu-core1 systemd[1]: ua-timer.timer - Ubuntu Pro Timer for running repeated jobs was skipped because of an unmet condition check (ConditionPathExists=/var/lib/ubuntu-advantage/private/machine-token.json).
2025-04-22T23:24:16.959736+00:00 ubuntu-core1 systemd[1]: Reached target boot-complete.target - Boot Completion Check.
2025-04-22T23:24:16.959737+00:00 ubuntu-core1 systemd[1]: Reached target paths.target - Path Units.
2025-04-22T23:24:16.959738+00:00 ubuntu-core1 systemd[1]: apport-forward.socket - Unix socket for apport crash forwarding was skipped because of an unmet condition check (ConditionVirtualization=container).
2025-04-22T23:24:16.959740+00:00 ubuntu-core1 systemd[1]: Listening on avahi-daemon.socket - Avahi mDNS/DNS-SD Stack Activation Socket.
2025-04-22T23:24:16.959742+00:00 ubuntu-core1 systemd[1]: Listening on cups.socket - CUPS Scheduler.
2025-04-22T23:24:16.959743+00:00 ubuntu-core1 systemd[1]: Listening on dbus.socket - D-Bus System Message Bus Socket.
2025-04-22T23:24:16.959744+00:00 ubuntu-core1 systemd[1]: Starting snapd.socket - Socket activation for snappy daemon...
2025-04-22T23:24:16.959745+00:00 ubuntu-core1 systemd[1]: Listening on systemd-hostnamed.socket - Hostname Service Socket.
2025-04-22T23:24:16.959746+00:00 ubuntu-core1 systemd[1]: Listening on uuidd.socket - UUID daemon activation socket.
2025-04-22T23:24:16.959748+00:00 ubuntu-core1 systemd[1]: systemd-pcrphase-sysinit.service - TPM PCR Barrier (Initialization) was skipped because of an unmet condition check (ConditionSecurity=measured-uki).
2025-04-22T23:24:16.959750+00:00 ubuntu-core1 systemd[1]: Listening on snapd.socket - Socket activation for snappy daemon.
2025-04-22T23:24:16.959751+00:00 ubuntu-core1 systemd[1]: Reached target sockets.target - Socket Units.
2025-04-22T23:24:16.959752+00:00 ubuntu-core1 systemd[1]: Reached target basic.target - Basic System.
2025-04-22T23:24:16.959753+00:00 ubuntu-core1 systemd[1]: System is tainted: unmerged-bin
2025-04-22T23:24:16.959754+00:00 ubuntu-core1 systemd[1]: Started anacron.service - Run anacron jobs.
2025-04-22T23:24:16.959758+00:00 ubuntu-core1 systemd[1]: Starting apport.service - automatic crash report generation...
2025-04-22T23:24:16.959759+00:00 ubuntu-core1 systemd[1]: Starting avahi-daemon.service - Avahi mDNS/DNS-SD Stack...
2025-04-22T23:24:16.959761+00:00 ubuntu-core1 systemd[1]: Starting dbus.service - D-Bus System Message Bus...
2025-04-22T23:24:16.959761+00:00 ubuntu-core1 anacron[1176]: Anacron 2.3 started on 2025-04-22
2025-04-22T23:24:16.959763+00:00 ubuntu-core1 systemd[1]: Started dmesg.service - Save initial kernel messages after boot.
2025-04-22T23:24:16.959764+00:00 ubuntu-core1 anacron[1176]: Will run job `cron.daily' in 5 min.
2025-04-22T23:24:16.959765+00:00 ubuntu-core1 anacron[1176]: Will run job `cron.weekly' in 10 min.
2025-04-22T23:24:16.959767+00:00 ubuntu-core1 anacron[1176]: Will run job `cron.monthly' in 15 min.
2025-04-22T23:24:16.959769+00:00 ubuntu-core1 anacron[1176]: Will run job `cron.yearly' in 20 min.
2025-04-22T23:24:16.959770+00:00 ubuntu-core1 anacron[1176]: Jobs will be executed sequentially
2025-04-22T23:24:16.959771+00:00 ubuntu-core1 systemd[1]: Starting e2scrub_reap.service - Remove Stale Online ext4 Metadata Check Snapshots...
2025-04-22T23:24:16.959772+00:00 ubuntu-core1 systemd[1]: getty-static.service - getty on tty2-tty6 if dbus and logind are not available was skipped because of an unmet condition check (ConditionPathExists=!/usr/bin/dbus-daemon).
2025-04-22T23:24:16.959774+00:00 ubuntu-core1 systemd[1]: Reached target getty.target - Login Prompts.
2025-04-22T23:24:16.959776+00:00 ubuntu-core1 systemd[1]: Starting gnome-remote-desktop-configuration.service - Configure GNOME Remote Desktop...
2025-04-22T23:24:16.959777+00:00 ubuntu-core1 systemd[1]: Starting gnome-remote-desktop.service - GNOME Remote Desktop...
2025-04-22T23:24:16.959778+00:00 ubuntu-core1 avahi-daemon[1178]: Found user 'avahi' (UID 105) and group 'avahi' (GID 111).
2025-04-22T23:24:16.959780+00:00 ubuntu-core1 systemd[1]: Starting gpu-manager.service - Detect the available GPUs and deal with any system changes...
2025-04-22T23:24:16.959781+00:00 ubuntu-core1 systemd[1]: Starting grub-common.service - Record successful boot for GRUB...
2025-04-22T23:24:16.959784+00:00 ubuntu-core1 systemd[1]: networkd-dispatcher.service - Dispatcher daemon for systemd-networkd was skipped because no trigger condition checks were met.
2025-04-22T23:24:16.959785+00:00 ubuntu-core1 systemd[1]: Starting polkit.service - Authorization Manager...
2025-04-22T23:24:16.959786+00:00 ubuntu-core1 systemd[1]: Starting rsyslog.service - System Logging Service...
2025-04-22T23:24:16.959788+00:00 ubuntu-core1 systemd[1]: secureboot-db.service - Secure Boot updates for DB and DBX was skipped because of an unmet condition check (ConditionPathExists=/sys/firmware/efi/efivars/db-d719b2cb-3d3a-4596-a3bc-dad00e67656f).
2025-04-22T23:24:16.959789+00:00 ubuntu-core1 systemd[1]: snapd.core-fixup.service - Automatically repair incorrect owner/permissions on core devices was skipped because no trigger condition checks were met.
2025-04-22T23:24:16.959790+00:00 ubuntu-core1 systemd[1]: snapd.recovery-chooser-trigger.service - Wait for the Ubuntu Core chooser trigger was skipped because of an unmet condition check (ConditionKernelCommandLine=snapd_recovery_mode).
2025-04-22T23:24:16.959793+00:00 ubuntu-core1 systemd[1]: Reached target getty-pre.target - Preparation for Logins.
2025-04-22T23:24:16.959794+00:00 ubuntu-core1 systemd[1]: Starting snapd.seeded.service - Wait until snapd is fully seeded...
2025-04-22T23:24:16.959795+00:00 ubuntu-core1 systemd[1]: Starting snapd.service - Snap Daemon...
2025-04-22T23:24:16.959796+00:00 ubuntu-core1 systemd[1]: Starting ssl-cert.service - Generate snakeoil SSL keypair...
2025-04-22T23:24:16.959797+00:00 ubuntu-core1 systemd[1]: sssd.service - System Security Services Daemon was skipped because no trigger condition checks were met.
2025-04-22T23:24:16.959799+00:00 ubuntu-core1 systemd[1]: Reached target nss-user-lookup.target - User and Group Name Lookups.
2025-04-22T23:24:16.959801+00:00 ubuntu-core1 systemd[1]: sssd-nss.socket: Bound to unit sssd.service, but unit isn't active.
2025-04-22T23:24:16.959803+00:00 ubuntu-core1 systemd[1]: Dependency failed for sssd-nss.socket - SSSD NSS Service responder socket.
2025-04-22T23:24:16.959804+00:00 ubuntu-core1 systemd[1]: sssd-nss.socket: Job sssd-nss.socket/start failed with result 'dependency'.
2025-04-22T23:24:16.959805+00:00 ubuntu-core1 systemd[1]: sssd-autofs.socket: Bound to unit sssd.service, but unit isn't active.
2025-04-22T23:24:16.959806+00:00 ubuntu-core1 systemd[1]: Dependency failed for sssd-autofs.socket - SSSD AutoFS Service responder socket.
2025-04-22T23:24:16.959809+00:00 ubuntu-core1 systemd[1]: sssd-autofs.socket: Job sssd-autofs.socket/start failed with result 'dependency'.
2025-04-22T23:24:16.959810+00:00 ubuntu-core1 systemd[1]: sssd-pac.socket: Bound to unit sssd.service, but unit isn't active.
2025-04-22T23:24:16.959811+00:00 ubuntu-core1 systemd[1]: Dependency failed for sssd-pac.socket - SSSD PAC Service responder socket.
2025-04-22T23:24:16.959813+00:00 ubuntu-core1 systemd[1]: sssd-pac.socket: Job sssd-pac.socket/start failed with result 'dependency'.
2025-04-22T23:24:16.959814+00:00 ubuntu-core1 systemd[1]: sssd-pam.socket: Bound to unit sssd.service, but unit isn't active.
2025-04-22T23:24:16.959815+00:00 ubuntu-core1 systemd[1]: Dependency failed for sssd-pam.socket - SSSD PAM Service responder socket.
2025-04-22T23:24:16.959817+00:00 ubuntu-core1 systemd[1]: sssd-pam.socket: Job sssd-pam.socket/start failed with result 'dependency'.
2025-04-22T23:24:16.959819+00:00 ubuntu-core1 systemd[1]: sssd-ssh.socket: Bound to unit sssd.service, but unit isn't active.
2025-04-22T23:24:16.959820+00:00 ubuntu-core1 systemd[1]: Dependency failed for sssd-ssh.socket - SSSD SSH Service responder socket.
2025-04-22T23:24:16.959821+00:00 ubuntu-core1 systemd[1]: sssd-ssh.socket: Job sssd-ssh.socket/start failed with result 'dependency'.
2025-04-22T23:24:16.959822+00:00 ubuntu-core1 systemd[1]: sssd-sudo.socket: Bound to unit sssd.service, but unit isn't active.
2025-04-22T23:24:16.959823+00:00 ubuntu-core1 systemd[1]: Dependency failed for sssd-sudo.socket - SSSD Sudo Service responder socket.
2025-04-22T23:24:16.959826+00:00 ubuntu-core1 systemd[1]: sssd-sudo.socket: Job sssd-sudo.socket/start failed with result 'dependency'.
2025-04-22T23:24:16.959827+00:00 ubuntu-core1 systemd[1]: Starting accounts-daemon.service - Accounts Service...
2025-04-22T23:24:16.959828+00:00 ubuntu-core1 systemd[1]: Started cron.service - Regular background program processing daemon.
2025-04-22T23:24:16.959831+00:00 ubuntu-core1 systemd[1]: Starting switcheroo-control.service - Switcheroo Control Proxy service...
2025-04-22T23:24:16.959832+00:00 ubuntu-core1 systemd[1]: Starting sysstat.service - Resets System Activity Logs...
2025-04-22T23:24:16.959833+00:00 ubuntu-core1 (cron)[1208]: cron.service: Referenced but unset environment variable evaluates to an empty string: EXTRA_OPTS
2025-04-22T23:24:16.959835+00:00 ubuntu-core1 systemd[1]: Starting systemd-logind.service - User Login Management...
2025-04-22T23:24:16.959836+00:00 ubuntu-core1 systemd[1]: systemd-pcrphase.service - TPM PCR Barrier (User) was skipped because of an unmet condition check (ConditionSecurity=measured-uki).
2025-04-22T23:24:16.959838+00:00 ubuntu-core1 systemd[1]: thermald.service - Thermal Daemon Service was skipped because of an unmet condition check (ConditionVirtualization=no).
2025-04-22T23:24:16.959839+00:00 ubuntu-core1 systemd[1]: ua-reboot-cmds.service - Ubuntu Pro reboot cmds was skipped because of an unmet condition check (ConditionPathExists=/var/lib/ubuntu-advantage/private/machine-token.json).
2025-04-22T23:24:16.959841+00:00 ubuntu-core1 cron[1208]: (CRON) INFO (pidfile fd = 3)
2025-04-22T23:24:16.959843+00:00 ubuntu-core1 systemd[1]: Starting udisks2.service - Disk Manager...
2025-04-22T23:24:16.959844+00:00 ubuntu-core1 cron[1208]: (CRON) INFO (Running @reboot jobs)
2025-04-22T23:24:16.959845+00:00 ubuntu-core1 udisksd[1224]: udisks daemon version 2.10.1 starting
2025-04-22T23:24:16.959846+00:00 ubuntu-core1 systemd[1]: gpu-manager.service: Deactivated successfully.
2025-04-22T23:24:16.959847+00:00 ubuntu-core1 systemd[1]: Finished gpu-manager.service - Detect the available GPUs and deal with any system changes.
2025-04-22T23:24:16.959849+00:00 ubuntu-core1 avahi-daemon[1178]: Successfully dropped root privileges.
2025-04-22T23:24:16.959851+00:00 ubuntu-core1 avahi-daemon[1178]: avahi-daemon 0.8 starting up.
2025-04-22T23:24:16.959853+00:00 ubuntu-core1 dbus-daemon[1179]: dbus[1179]: Unknown group "power" in message bus configuration file
2025-04-22T23:24:16.959854+00:00 ubuntu-core1 systemd[1]: Finished sysstat.service - Resets System Activity Logs.
2025-04-22T23:24:16.959855+00:00 ubuntu-core1 gnome-remote-de[1182]: Init TPM credentials failed because No TPM device found, using GKeyFile as fallback
2025-04-22T23:24:16.958733+00:00 ubuntu-core1 systemd[1]: Started rsyslog.service - System Logging Service.
2025-04-22T23:24:16.958856+00:00 ubuntu-core1 rsyslogd: imuxsock: Acquired UNIX socket '/run/systemd/journal/syslog' (fd 3) from systemd.  [v8.2412.0]
2025-04-22T23:24:16.958881+00:00 ubuntu-core1 rsyslogd: rsyslogd's groupid changed to 101
2025-04-22T23:24:16.958894+00:00 ubuntu-core1 rsyslogd: rsyslogd's userid changed to 101
2025-04-22T23:24:16.958902+00:00 ubuntu-core1 rsyslogd: [origin software="rsyslogd" swVersion="8.2412.0" x-pid="1232" x-info="https://www.rsyslog.com"] start
2025-04-22T23:24:16.960018+00:00 ubuntu-core1 gnome-remote-de[1183]: Init TPM credentials failed because No TPM device found, using GKeyFile as fallback
2025-04-22T23:24:16.961250+00:00 ubuntu-core1 kernel: pps_core: Software ver. 5.3.6 - Copyright 2005-2007 Rodolfo Giometti <giometti@linux.it>
2025-04-22T23:24:16.961279+00:00 ubuntu-core1 kernel: PTP clock support registered
2025-04-22T23:24:16.961280+00:00 ubuntu-core1 kernel: EDAC MC: Ver: 3.0.0
2025-04-22T23:24:16.961280+00:00 ubuntu-core1 kernel: NetLabel: Initializing
2025-04-22T23:24:16.961280+00:00 ubuntu-core1 kernel: NetLabel:  domain hash size = 128
2025-04-22T23:24:16.961280+00:00 ubuntu-core1 kernel: NetLabel:  protocols = UNLABELED CIPSOv4 CALIPSO
2025-04-22T23:24:16.961280+00:00 ubuntu-core1 kernel: NetLabel:  unlabeled traffic allowed by default
2025-04-22T23:24:16.961281+00:00 ubuntu-core1 kernel: mctp: management component transport protocol core
2025-04-22T23:24:16.961281+00:00 ubuntu-core1 kernel: NET: Registered PF_MCTP protocol family
2025-04-22T23:24:16.961281+00:00 ubuntu-core1 kernel: PCI: Using ACPI for IRQ routing
2025-04-22T23:24:16.961281+00:00 ubuntu-core1 kernel: PCI: pci_cache_line_size set to 64 bytes
2025-04-22T23:24:16.961281+00:00 ubuntu-core1 kernel: e820: reserve RAM buffer [mem 0x0009fc00-0x0009ffff]
2025-04-22T23:24:16.961282+00:00 ubuntu-core1 kernel: e820: reserve RAM buffer [mem 0xdfff0000-0xdfffffff]
2025-04-22T23:24:16.961282+00:00 ubuntu-core1 kernel: pci 0000:00:02.0: vgaarb: setting as boot VGA device
2025-04-22T23:24:16.961282+00:00 ubuntu-core1 kernel: pci 0000:00:02.0: vgaarb: bridge control possible
2025-04-22T23:24:16.961282+00:00 ubuntu-core1 kernel: pci 0000:00:02.0: vgaarb: VGA device added: decodes=io+mem,owns=io+mem,locks=none
2025-04-22T23:24:16.961283+00:00 ubuntu-core1 kernel: vgaarb: loaded
2025-04-22T23:24:16.961283+00:00 ubuntu-core1 kernel: clocksource: Switched to clocksource kvm-clock
2025-04-22T23:24:16.961283+00:00 ubuntu-core1 kernel: VFS: Disk quotas dquot_6.6.0
2025-04-22T23:24:16.961283+00:00 ubuntu-core1 kernel: VFS: Dquot-cache hash table entries: 512 (order 0, 4096 bytes)
2025-04-22T23:24:16.961284+00:00 ubuntu-core1 kernel: AppArmor: AppArmor Filesystem Enabled
2025-04-22T23:24:16.961284+00:00 ubuntu-core1 kernel: pnp: PnP ACPI init
2025-04-22T23:24:16.961284+00:00 ubuntu-core1 kernel: pnp: PnP ACPI: found 2 devices
2025-04-22T23:24:16.961284+00:00 ubuntu-core1 kernel: clocksource: acpi_pm: mask: 0xffffff max_cycles: 0xffffff, max_idle_ns: 2085701024 ns
2025-04-22T23:24:16.961284+00:00 ubuntu-core1 kernel: NET: Registered PF_INET protocol family
2025-04-22T23:24:16.961284+00:00 ubuntu-core1 kernel: IP idents hash table entries: 131072 (order: 8, 1048576 bytes, linear)
2025-04-22T23:24:16.961285+00:00 ubuntu-core1 kernel: tcp_listen_portaddr_hash hash table entries: 4096 (order: 4, 65536 bytes, linear)
2025-04-22T23:24:16.961285+00:00 ubuntu-core1 kernel: Table-perturb hash table entries: 65536 (order: 6, 262144 bytes, linear)
2025-04-22T23:24:16.961285+00:00 ubuntu-core1 kernel: TCP established hash table entries: 65536 (order: 7, 524288 bytes, linear)
2025-04-22T23:24:16.961285+00:00 ubuntu-core1 kernel: TCP bind hash table entries: 65536 (order: 9, 2097152 bytes, linear)
2025-04-22T23:24:16.961285+00:00 ubuntu-core1 kernel: TCP: Hash tables configured (established 65536 bind 65536)
2025-04-22T23:24:16.961286+00:00 ubuntu-core1 kernel: MPTCP token hash table entries: 8192 (order: 5, 196608 bytes, linear)
2025-04-22T23:24:16.961286+00:00 ubuntu-core1 kernel: UDP hash table entries: 4096 (order: 6, 262144 bytes, linear)
2025-04-22T23:24:16.961286+00:00 ubuntu-core1 kernel: UDP-Lite hash table entries: 4096 (order: 6, 262144 bytes, linear)
2025-04-22T23:24:16.961286+00:00 ubuntu-core1 kernel: NET: Registered PF_UNIX/PF_LOCAL protocol family
2025-04-22T23:24:16.961286+00:00 ubuntu-core1 kernel: NET: Registered PF_XDP protocol family
2025-04-22T23:24:16.961287+00:00 ubuntu-core1 kernel: pci_bus 0000:00: resource 4 [io  0x0000-0x0cf7 window]
2025-04-22T23:24:16.961287+00:00 ubuntu-core1 kernel: pci_bus 0000:00: resource 5 [io  0x0d00-0xffff window]
2025-04-22T23:24:16.961287+00:00 ubuntu-core1 kernel: pci_bus 0000:00: resource 6 [mem 0x000a0000-0x000bffff window]
2025-04-22T23:24:16.961287+00:00 ubuntu-core1 kernel: pci_bus 0000:00: resource 7 [mem 0xe0000000-0xfdffffff window]
2025-04-22T23:24:16.961287+00:00 ubuntu-core1 kernel: pci 0000:00:00.0: Limiting direct PCI/PCI transfers
2025-04-22T23:24:16.961288+00:00 ubuntu-core1 kernel: PCI: CLS 0 bytes, default 64
2025-04-22T23:24:16.961288+00:00 ubuntu-core1 kernel: PCI-DMA: Using software bounce buffering for IO (SWIOTLB)
2025-04-22T23:24:16.961288+00:00 ubuntu-core1 kernel: software IO TLB: mapped [mem 0x00000000bb000000-0x00000000bf000000] (64MB)
2025-04-22T23:24:16.961311+00:00 ubuntu-core1 kernel: platform rtc_cmos: registered platform RTC device (no PNP device found)
2025-04-22T23:24:16.961311+00:00 ubuntu-core1 kernel: Trying to unpack rootfs image as initramfs...
2025-04-22T23:24:16.961312+00:00 ubuntu-core1 kernel: Initialise system trusted keyrings
2025-04-22T23:24:16.961312+00:00 ubuntu-core1 kernel: Key type blacklist registered
2025-04-22T23:24:16.961312+00:00 ubuntu-core1 kernel: workingset: timestamp_bits=36 max_order=21 bucket_order=0
2025-04-22T23:24:16.961312+00:00 ubuntu-core1 kernel: zbud: loaded
2025-04-22T23:24:16.961312+00:00 ubuntu-core1 kernel: squashfs: version 4.0 (2009/01/31) Phillip Lougher
2025-04-22T23:24:16.961313+00:00 ubuntu-core1 kernel: fuse: init (API version 7.42)
2025-04-22T23:24:16.961313+00:00 ubuntu-core1 kernel: integrity: Platform Keyring initialized
2025-04-22T23:24:16.961313+00:00 ubuntu-core1 kernel: integrity: Machine keyring initialized
2025-04-22T23:24:16.961313+00:00 ubuntu-core1 kernel: Key type asymmetric registered
2025-04-22T23:24:16.961313+00:00 ubuntu-core1 kernel: Asymmetric key parser 'x509' registered
2025-04-22T23:24:16.961313+00:00 ubuntu-core1 kernel: Block layer SCSI generic (bsg) driver version 0.4 loaded (major 243)
2025-04-22T23:24:16.961314+00:00 ubuntu-core1 kernel: io scheduler mq-deadline registered
2025-04-22T23:24:16.961314+00:00 ubuntu-core1 kernel: ledtrig-cpu: registered to indicate activity on CPUs
2025-04-22T23:24:16.961314+00:00 ubuntu-core1 kernel: shpchp: Standard Hot Plug PCI Controller Driver version: 0.4
2025-04-22T23:24:16.961314+00:00 ubuntu-core1 kernel: ACPI: AC: AC Adapter [AC] (on-line)
2025-04-22T23:24:16.961314+00:00 ubuntu-core1 kernel: input: Power Button as /devices/LNXSYSTM:00/LNXPWRBN:00/input/input0
2025-04-22T23:24:16.961315+00:00 ubuntu-core1 kernel: ACPI: button: Power Button [PWRF]
2025-04-22T23:24:16.961315+00:00 ubuntu-core1 kernel: input: Sleep Button as /devices/LNXSYSTM:00/LNXSLPBN:00/input/input1
2025-04-22T23:24:16.961315+00:00 ubuntu-core1 kernel: ACPI: button: Sleep Button [SLPF]
2025-04-22T23:24:16.961315+00:00 ubuntu-core1 kernel: Serial: 8250/16550 driver, 32 ports, IRQ sharing enabled
2025-04-22T23:24:16.961315+00:00 ubuntu-core1 kernel: Linux agpgart interface v0.103
2025-04-22T23:24:16.961316+00:00 ubuntu-core1 kernel: loop: module loaded
2025-04-22T23:24:16.961316+00:00 ubuntu-core1 kernel: ata_piix 0000:00:01.1: version 2.13
2025-04-22T23:24:16.961316+00:00 ubuntu-core1 kernel: scsi host0: ata_piix
2025-04-22T23:24:16.961316+00:00 ubuntu-core1 kernel: scsi host1: ata_piix
2025-04-22T23:24:16.961316+00:00 ubuntu-core1 kernel: ata1: PATA max UDMA/33 cmd 0x1f0 ctl 0x3f6 bmdma 0xd000 irq 14 lpm-pol 0
2025-04-22T23:24:16.961316+00:00 ubuntu-core1 kernel: ata2: PATA max UDMA/33 cmd 0x170 ctl 0x376 bmdma 0xd008 irq 15 lpm-pol 0
2025-04-22T23:24:16.961317+00:00 ubuntu-core1 kernel: ACPI: bus type drm_connector registered
2025-04-22T23:24:16.961317+00:00 ubuntu-core1 kernel: tun: Universal TUN/TAP device driver, 1.6
2025-04-22T23:24:16.961317+00:00 ubuntu-core1 kernel: PPP generic driver version 2.4.2
2025-04-22T23:24:16.961317+00:00 ubuntu-core1 kernel: ohci-pci 0000:00:06.0: OHCI PCI host controller
2025-04-22T23:24:16.961317+00:00 ubuntu-core1 kernel: ohci-pci 0000:00:06.0: new USB bus registered, assigned bus number 1
2025-04-22T23:24:16.961317+00:00 ubuntu-core1 kernel: ohci-pci 0000:00:06.0: irq 22, io mem 0xf0804000
2025-04-22T23:24:16.961318+00:00 ubuntu-core1 kernel: Freeing initrd memory: 74372K
2025-04-22T23:24:16.961318+00:00 ubuntu-core1 kernel: usb usb1: New USB device found, idVendor=1d6b, idProduct=0001, bcdDevice= 6.14
2025-04-22T23:24:16.961318+00:00 ubuntu-core1 kernel: usb usb1: New USB device strings: Mfr=3, Product=2, SerialNumber=1
2025-04-22T23:24:16.961318+00:00 ubuntu-core1 kernel: usb usb1: Product: OHCI PCI host controller
2025-04-22T23:24:16.961318+00:00 ubuntu-core1 kernel: usb usb1: Manufacturer: Linux 6.14.0-15-generic ohci_hcd
2025-04-22T23:24:16.961319+00:00 ubuntu-core1 kernel: usb usb1: SerialNumber: 0000:00:06.0
2025-04-22T23:24:16.961319+00:00 ubuntu-core1 kernel: hub 1-0:1.0: USB hub found
2025-04-22T23:24:16.961319+00:00 ubuntu-core1 kernel: hub 1-0:1.0: 12 ports detected
2025-04-22T23:24:16.961319+00:00 ubuntu-core1 kernel: i8042: PNP: PS/2 Controller [PNP0303:PS2K,PNP0f03:PS2M] at 0x60,0x64 irq 1,12
2025-04-22T23:24:16.961319+00:00 ubuntu-core1 kernel: ehci-pci 0000:00:0b.0: EHCI Host Controller
2025-04-22T23:24:16.961319+00:00 ubuntu-core1 kernel: ehci-pci 0000:00:0b.0: new USB bus registered, assigned bus number 2
2025-04-22T23:24:16.961320+00:00 ubuntu-core1 kernel: ehci-pci 0000:00:0b.0: irq 19, io mem 0xf0805000
2025-04-22T23:24:16.961320+00:00 ubuntu-core1 kernel: serio: i8042 KBD port at 0x60,0x64 irq 1
2025-04-22T23:24:16.961320+00:00 ubuntu-core1 kernel: serio: i8042 AUX port at 0x60,0x64 irq 12
2025-04-22T23:24:16.961320+00:00 ubuntu-core1 kernel: mousedev: PS/2 mouse device common for all mice
2025-04-22T23:24:16.961320+00:00 ubuntu-core1 kernel: rtc_cmos rtc_cmos: registered as rtc0
2025-04-22T23:24:16.961321+00:00 ubuntu-core1 kernel: rtc_cmos rtc_cmos: setting system clock to 2025-04-22T23:24:08 UTC (1745364248)
2025-04-22T23:24:16.961321+00:00 ubuntu-core1 kernel: rtc_cmos rtc_cmos: alarms up to one day, 114 bytes nvram
2025-04-22T23:24:16.961321+00:00 ubuntu-core1 kernel: i2c_dev: i2c /dev entries driver
2025-04-22T23:24:16.961321+00:00 ubuntu-core1 kernel: device-mapper: core: CONFIG_IMA_DISABLE_HTABLE is disabled. Duplicate IMA measurements will not be recorded in the IMA log.
2025-04-22T23:24:16.961321+00:00 ubuntu-core1 kernel: device-mapper: uevent: version 1.0.3
2025-04-22T23:24:16.961322+00:00 ubuntu-core1 kernel: device-mapper: ioctl: 4.49.0-ioctl (2025-01-17) initialised: dm-devel@lists.linux.dev
2025-04-22T23:24:16.961322+00:00 ubuntu-core1 kernel: platform eisa.0: Probing EISA bus 0
2025-04-22T23:24:16.961322+00:00 ubuntu-core1 kernel: platform eisa.0: EISA: Cannot allocate resource for mainboard
2025-04-22T23:24:16.961322+00:00 ubuntu-core1 kernel: platform eisa.0: Cannot allocate resource for EISA slot 1
2025-04-22T23:24:16.961322+00:00 ubuntu-core1 kernel: platform eisa.0: Cannot allocate resource for EISA slot 2
2025-04-22T23:24:16.961322+00:00 ubuntu-core1 kernel: platform eisa.0: Cannot allocate resource for EISA slot 3
2025-04-22T23:24:16.961323+00:00 ubuntu-core1 kernel: platform eisa.0: Cannot allocate resource for EISA slot 4
2025-04-22T23:24:16.961323+00:00 ubuntu-core1 kernel: platform eisa.0: Cannot allocate resource for EISA slot 5
2025-04-22T23:24:16.961323+00:00 ubuntu-core1 kernel: platform eisa.0: Cannot allocate resource for EISA slot 6
2025-04-22T23:24:16.961323+00:00 ubuntu-core1 kernel: platform eisa.0: Cannot allocate resource for EISA slot 7
2025-04-22T23:24:16.961323+00:00 ubuntu-core1 kernel: platform eisa.0: Cannot allocate resource for EISA slot 8
2025-04-22T23:24:16.961324+00:00 ubuntu-core1 kernel: platform eisa.0: EISA: Detected 0 cards
2025-04-22T23:24:16.961324+00:00 ubuntu-core1 kernel: intel_pstate: CPU model not supported
2025-04-22T23:24:16.961324+00:00 ubuntu-core1 kernel: drop_monitor: Initializing network drop monitor service
2025-04-22T23:24:16.961324+00:00 ubuntu-core1 kernel: NET: Registered PF_INET6 protocol family
2025-04-22T23:24:16.961324+00:00 ubuntu-core1 kernel: input: AT Translated Set 2 keyboard as /devices/platform/i8042/serio0/input/input2
2025-04-22T23:24:16.961324+00:00 ubuntu-core1 kernel: ehci-pci 0000:00:0b.0: USB 2.0 started, EHCI 1.00
2025-04-22T23:24:16.961325+00:00 ubuntu-core1 kernel: usb usb2: New USB device found, idVendor=1d6b, idProduct=0002, bcdDevice= 6.14
2025-04-22T23:24:16.961325+00:00 ubuntu-core1 kernel: usb usb2: New USB device strings: Mfr=3, Product=2, SerialNumber=1
2025-04-22T23:24:16.961325+00:00 ubuntu-core1 kernel: usb usb2: Product: EHCI Host Controller
2025-04-22T23:24:16.961325+00:00 ubuntu-core1 kernel: usb usb2: Manufacturer: Linux 6.14.0-15-generic ehci_hcd
2025-04-22T23:24:16.961326+00:00 ubuntu-core1 kernel: usb usb2: SerialNumber: 0000:00:0b.0
2025-04-22T23:24:16.961326+00:00 ubuntu-core1 kernel: hub 2-0:1.0: USB hub found
2025-04-22T23:24:16.961326+00:00 ubuntu-core1 kernel: hub 2-0:1.0: 12 ports detected
2025-04-22T23:24:16.961326+00:00 ubuntu-core1 kernel: Segment Routing with IPv6
2025-04-22T23:24:16.961326+00:00 ubuntu-core1 kernel: In-situ OAM (IOAM) with IPv6
2025-04-22T23:24:16.961326+00:00 ubuntu-core1 kernel: NET: Registered PF_PACKET protocol family
2025-04-22T23:24:16.961327+00:00 ubuntu-core1 kernel: Key type dns_resolver registered
2025-04-22T23:24:16.961327+00:00 ubuntu-core1 kernel: IPI shorthand broadcast: enabled
2025-04-22T23:24:16.961328+00:00 ubuntu-core1 kernel: sched_clock: Marking stable (439366118, 27644532)->(470297066, -3286416)
2025-04-22T23:24:16.961328+00:00 ubuntu-core1 kernel: registered taskstats version 1
2025-04-22T23:24:16.961328+00:00 ubuntu-core1 kernel: Loading compiled-in X.509 certificates
2025-04-22T23:24:16.961328+00:00 ubuntu-core1 kernel: Loaded X.509 cert 'Build time autogenerated kernel key: efe648a0727ac2b39d88d55659f8e6c0c5f80041'
2025-04-22T23:24:16.961329+00:00 ubuntu-core1 kernel: Loaded X.509 cert 'Canonical Ltd. Live Patch Signing: 14df34d1a87cf37625abec039ef2bf521249b969'
2025-04-22T23:24:16.961329+00:00 ubuntu-core1 kernel: Loaded X.509 cert 'Canonical Ltd. Kernel Module Signing: 88f752e560a1e0737e31163a466ad7b70a850c19'
2025-04-22T23:24:16.961329+00:00 ubuntu-core1 kernel: blacklist: Loading compiled-in revocation X.509 certificates
2025-04-22T23:24:16.961349+00:00 ubuntu-core1 systemd[1]: grub-common.service: Deactivated successfully.
2025-04-22T23:24:16.961329+00:00 ubuntu-core1 kernel: Loaded X.509 cert 'Canonical Ltd. Secure Boot Signing: 61482aa2830d0ab2ad5af10b7250da9033ddcef0'
2025-04-22T23:24:16.961330+00:00 ubuntu-core1 kernel: Loaded X.509 cert 'Canonical Ltd. Secure Boot Signing (2017): 242ade75ac4a15e50d50c84b0d45ff3eae707a03'
2025-04-22T23:24:16.961330+00:00 ubuntu-core1 kernel: Loaded X.509 cert 'Canonical Ltd. Secure Boot Signing (ESM 2018): 365188c1d374d6b07c3c8f240f8ef722433d6a8b'
2025-04-22T23:24:16.961331+00:00 ubuntu-core1 kernel: Loaded X.509 cert 'Canonical Ltd. Secure Boot Signing (2019): c0746fd6c5da3ae827864651ad66ae47fe24b3e8'
2025-04-22T23:24:16.961331+00:00 ubuntu-core1 kernel: Loaded X.509 cert 'Canonical Ltd. Secure Boot Signing (2021 v1): a8d54bbb3825cfb94fa13c9f8a594a195c107b8d'
2025-04-22T23:24:16.961331+00:00 ubuntu-core1 kernel: Loaded X.509 cert 'Canonical Ltd. Secure Boot Signing (2021 v2): 4cf046892d6fd3c9a5b03f98d845f90851dc6a8c'
2025-04-22T23:24:16.961331+00:00 ubuntu-core1 kernel: Loaded X.509 cert 'Canonical Ltd. Secure Boot Signing (2021 v3): 100437bb6de6e469b581e61cd66bce3ef4ed53af'
2025-04-22T23:24:16.961332+00:00 ubuntu-core1 kernel: Loaded X.509 cert 'Canonical Ltd. Secure Boot Signing (Ubuntu Core 2019): c1d57b8f6b743f23ee41f4f7ee292f06eecadfb9'
2025-04-22T23:24:16.961332+00:00 ubuntu-core1 kernel: Demotion targets for Node 0: null
2025-04-22T23:24:16.961332+00:00 ubuntu-core1 kernel: Key type .fscrypt registered
2025-04-22T23:24:16.961332+00:00 ubuntu-core1 kernel: Key type fscrypt-provisioning registered
2025-04-22T23:24:16.961332+00:00 ubuntu-core1 kernel: Key type encrypted registered
2025-04-22T23:24:16.961332+00:00 ubuntu-core1 kernel: AppArmor: AppArmor sha256 policy hashing enabled
2025-04-22T23:24:16.961333+00:00 ubuntu-core1 kernel: ima: No TPM chip found, activating TPM-bypass!
2025-04-22T23:24:16.961333+00:00 ubuntu-core1 kernel: Loading compiled-in module X.509 certificates
2025-04-22T23:24:16.961333+00:00 ubuntu-core1 kernel: Loaded X.509 cert 'Build time autogenerated kernel key: efe648a0727ac2b39d88d55659f8e6c0c5f80041'
2025-04-22T23:24:16.961333+00:00 ubuntu-core1 kernel: ima: Allocated hash algorithm: sha256
2025-04-22T23:24:16.961333+00:00 ubuntu-core1 kernel: ima: No architecture policies found
2025-04-22T23:24:16.961333+00:00 ubuntu-core1 kernel: evm: Initialising EVM extended attributes:
2025-04-22T23:24:16.961334+00:00 ubuntu-core1 kernel: evm: security.selinux
2025-04-22T23:24:16.961334+00:00 ubuntu-core1 kernel: evm: security.SMACK64
2025-04-22T23:24:16.961334+00:00 ubuntu-core1 kernel: evm: security.SMACK64EXEC
2025-04-22T23:24:16.961353+00:00 ubuntu-core1 kernel: evm: security.SMACK64TRANSMUTE
2025-04-22T23:24:16.961353+00:00 ubuntu-core1 kernel: evm: security.SMACK64MMAP
2025-04-22T23:24:16.961354+00:00 ubuntu-core1 kernel: evm: security.apparmor
2025-04-22T23:24:16.961354+00:00 ubuntu-core1 kernel: evm: security.ima
2025-04-22T23:24:16.961354+00:00 ubuntu-core1 kernel: evm: security.capability
2025-04-22T23:24:16.961354+00:00 ubuntu-core1 kernel: evm: HMAC attrs: 0x1
2025-04-22T23:24:16.961354+00:00 ubuntu-core1 kernel: PM:   Magic number: 5:457:454
2025-04-22T23:24:16.961354+00:00 ubuntu-core1 kernel: RAS: Correctable Errors collector initialized.
2025-04-22T23:24:16.961355+00:00 ubuntu-core1 kernel: clk: Disabling unused clocks
2025-04-22T23:24:16.961355+00:00 ubuntu-core1 kernel: PM: genpd: Disabling unused power domains
2025-04-22T23:24:16.961355+00:00 ubuntu-core1 kernel: ata2.00: ATAPI: VBOX CD-ROM, 1.0, max UDMA/133
2025-04-22T23:24:16.961355+00:00 ubuntu-core1 kernel: scsi 1:0:0:0: CD-ROM            VBOX     CD-ROM           1.0  PQ: 0 ANSI: 5
2025-04-22T23:24:16.961355+00:00 ubuntu-core1 kernel: sr 1:0:0:0: [sr0] scsi3-mmc drive: 32x/32x xa/form2 tray
2025-04-22T23:24:16.961356+00:00 ubuntu-core1 kernel: cdrom: Uniform CD-ROM driver Revision: 3.20
2025-04-22T23:24:16.961356+00:00 ubuntu-core1 kernel: sr 1:0:0:0: Attached scsi CD-ROM sr0
2025-04-22T23:24:16.961356+00:00 ubuntu-core1 kernel: sr 1:0:0:0: Attached scsi generic sg0 type 5
2025-04-22T23:24:16.961356+00:00 ubuntu-core1 kernel: Freeing unused decrypted memory: 2028K
2025-04-22T23:24:16.961356+00:00 ubuntu-core1 kernel: Freeing unused kernel image (initmem) memory: 5096K
2025-04-22T23:24:16.961356+00:00 ubuntu-core1 kernel: Write protecting the kernel read-only data: 38912k
2025-04-22T23:24:16.961357+00:00 ubuntu-core1 kernel: Freeing unused kernel image (text/rodata gap) memory: 756K
2025-04-22T23:24:16.961357+00:00 ubuntu-core1 kernel: Freeing unused kernel image (rodata/data gap) memory: 448K
2025-04-22T23:24:16.961513+00:00 ubuntu-core1 kernel: x86/mm: Checked W+X mappings: passed, no W+X pages found.
2025-04-22T23:24:16.961514+00:00 ubuntu-core1 kernel: Run /init as init process
2025-04-22T23:24:16.961514+00:00 ubuntu-core1 kernel:   with arguments:
2025-04-22T23:24:16.961514+00:00 ubuntu-core1 kernel:     /init
2025-04-22T23:24:16.961514+00:00 ubuntu-core1 kernel:     splash
2025-04-22T23:24:16.961514+00:00 ubuntu-core1 kernel:     noprompt
2025-04-22T23:24:16.961515+00:00 ubuntu-core1 kernel:     noshell
2025-04-22T23:24:16.961515+00:00 ubuntu-core1 kernel:     automatic-ubiquity
2025-04-22T23:24:16.961515+00:00 ubuntu-core1 kernel:     crashkernel=2G-4G:320M,4G-32G:512M,32G-64G:1024M,64G-128G:2048M,128G-:4096M
2025-04-22T23:24:16.961515+00:00 ubuntu-core1 kernel:   with environment:
2025-04-22T23:24:16.961515+00:00 ubuntu-core1 kernel:     HOME=/
2025-04-22T23:24:16.961516+00:00 ubuntu-core1 kernel:     TERM=linux
2025-04-22T23:24:16.961516+00:00 ubuntu-core1 kernel:     BOOT_IMAGE=/boot/vmlinuz-6.14.0-15-generic
2025-04-22T23:24:16.961516+00:00 ubuntu-core1 kernel:     debian-installer/locale=en_US
2025-04-22T23:24:16.961516+00:00 ubuntu-core1 kernel:     keyboard-configuration/layoutcode=us
2025-04-22T23:24:16.961516+00:00 ubuntu-core1 kernel:     languagechooser/language-name=English
2025-04-22T23:24:16.961517+00:00 ubuntu-core1 kernel:     localechooser/supported-locales=en_US.UTF-8
2025-04-22T23:24:16.961517+00:00 ubuntu-core1 kernel:     countrychooser/shortlist=US
2025-04-22T23:24:16.961517+00:00 ubuntu-core1 kernel: e1000: Intel(R) PRO/1000 Network Driver
2025-04-22T23:24:16.961517+00:00 ubuntu-core1 kernel: e1000: Copyright (c) 1999-2006 Intel Corporation.
2025-04-22T23:24:16.961517+00:00 ubuntu-core1 kernel: ahci 0000:00:0d.0: version 3.0
2025-04-22T23:24:16.961517+00:00 ubuntu-core1 kernel: ahci 0000:00:0d.0: SSS flag set, parallel bus scan disabled
2025-04-22T23:24:16.961518+00:00 ubuntu-core1 kernel: ahci 0000:00:0d.0: AHCI vers 0001.0100, 32 command slots, 3 Gbps, SATA mode
2025-04-22T23:24:16.961518+00:00 ubuntu-core1 kernel: ahci 0000:00:0d.0: 1/1 ports implemented (port mask 0x1)
2025-04-22T23:24:16.961518+00:00 ubuntu-core1 kernel: ahci 0000:00:0d.0: flags: 64bit ncq stag only ccc 
2025-04-22T23:24:16.961518+00:00 ubuntu-core1 kernel: scsi host2: ahci
2025-04-22T23:24:16.961519+00:00 ubuntu-core1 kernel: ata3: SATA max UDMA/133 abar m8192@0xf0806000 port 0xf0806100 irq 21 lpm-pol 0
2025-04-22T23:24:16.961519+00:00 ubuntu-core1 kernel: input: ImExPS/2 Generic Explorer Mouse as /devices/platform/i8042/serio1/input/input4
2025-04-22T23:24:16.961519+00:00 ubuntu-core1 kernel: usb 1-1: new full-speed USB device number 2 using ohci-pci
2025-04-22T23:24:16.961519+00:00 ubuntu-core1 kernel: e1000 0000:00:03.0 eth0: (PCI:33MHz:32-bit) 08:00:27:f6:5f:b9
2025-04-22T23:24:16.961519+00:00 ubuntu-core1 kernel: e1000 0000:00:03.0 eth0: Intel(R) PRO/1000 Network Connection
2025-04-22T23:24:16.961520+00:00 ubuntu-core1 kernel: ata3: SATA link up 3.0 Gbps (SStatus 123 SControl 300)
2025-04-22T23:24:16.961520+00:00 ubuntu-core1 kernel: ata3.00: ATA-6: VBOX HARDDISK, 1.0, max UDMA/133
2025-04-22T23:24:16.961520+00:00 ubuntu-core1 kernel: ata3.00: 41943040 sectors, multi 128: LBA48 NCQ (depth 32)
2025-04-22T23:24:16.961520+00:00 ubuntu-core1 kernel: ata3.00: configured for UDMA/133
2025-04-22T23:24:16.961520+00:00 ubuntu-core1 kernel: scsi 2:0:0:0: Direct-Access     ATA      VBOX HARDDISK    1.0  PQ: 0 ANSI: 5
2025-04-22T23:24:16.961520+00:00 ubuntu-core1 kernel: sd 2:0:0:0: [sda] 41943040 512-byte logical blocks: (21.5 GB/20.0 GiB)
2025-04-22T23:24:16.961521+00:00 ubuntu-core1 kernel: sd 2:0:0:0: [sda] Write Protect is off
2025-04-22T23:24:16.961521+00:00 ubuntu-core1 kernel: sd 2:0:0:0: [sda] Mode Sense: 00 3a 00 00
2025-04-22T23:24:16.961521+00:00 ubuntu-core1 kernel: sd 2:0:0:0: [sda] Write cache: enabled, read cache: enabled, doesn't support DPO or FUA
2025-04-22T23:24:16.961521+00:00 ubuntu-core1 kernel: sd 2:0:0:0: [sda] Preferred minimum I/O size 512 bytes
2025-04-22T23:24:16.961521+00:00 ubuntu-core1 kernel: sd 2:0:0:0: Attached scsi generic sg1 type 0
2025-04-22T23:24:16.961521+00:00 ubuntu-core1 kernel:  sda: sda1 sda2
2025-04-22T23:24:16.961522+00:00 ubuntu-core1 kernel: sd 2:0:0:0: [sda] Attached SCSI disk
2025-04-22T23:24:16.961522+00:00 ubuntu-core1 kernel: ACPI: video: Video Device [GFX0] (multi-head: yes  rom: no  post: no)
2025-04-22T23:24:16.961522+00:00 ubuntu-core1 kernel: input: Video Bus as /devices/LNXSYSTM:00/LNXSYBUS:00/PNP0A03:00/LNXVIDEO:00/input/input5
2025-04-22T23:24:16.961522+00:00 ubuntu-core1 kernel: e1000 0000:00:03.0 enp0s3: renamed from eth0
2025-04-22T23:24:16.961522+00:00 ubuntu-core1 kernel: usb 1-1: New USB device found, idVendor=80ee, idProduct=0021, bcdDevice= 1.00
2025-04-22T23:24:16.961523+00:00 ubuntu-core1 kernel: usb 1-1: New USB device strings: Mfr=1, Product=3, SerialNumber=0
2025-04-22T23:24:16.961523+00:00 ubuntu-core1 kernel: usb 1-1: Product: USB Tablet
2025-04-22T23:24:16.961523+00:00 ubuntu-core1 kernel: usb 1-1: Manufacturer: VirtualBox
2025-04-22T23:24:16.961523+00:00 ubuntu-core1 kernel: hid: raw HID events driver (C) Jiri Kosina
2025-04-22T23:24:16.961523+00:00 ubuntu-core1 kernel: usbcore: registered new interface driver usbhid
2025-04-22T23:24:16.961523+00:00 ubuntu-core1 kernel: usbhid: USB HID core driver
2025-04-22T23:24:16.961524+00:00 ubuntu-core1 kernel: input: VirtualBox USB Tablet as /devices/pci0000:00/0000:00:06.0/usb1/1-1/1-1:1.0/0003:80EE:0021.0001/input/input6
2025-04-22T23:24:16.961524+00:00 ubuntu-core1 kernel: hid-generic 0003:80EE:0021.0001: input,hidraw0: USB HID v1.10 Mouse [VirtualBox USB Tablet] on usb-0000:00:06.0-1/input0
2025-04-22T23:24:16.961524+00:00 ubuntu-core1 kernel: EXT4-fs (sda2): orphan cleanup on readonly fs
2025-04-22T23:24:16.961524+00:00 ubuntu-core1 kernel: EXT4-fs (sda2): mounted filesystem c6147ba4-7b9c-4b30-b06e-09f9935f9200 ro with ordered data mode. Quota mode: none.
2025-04-22T23:24:16.961525+00:00 ubuntu-core1 kernel: systemd[1]: Inserted module 'autofs4'
2025-04-22T23:24:16.961525+00:00 ubuntu-core1 kernel: systemd[1]: systemd 257.4-1ubuntu3 running in system mode (+PAM +AUDIT +SELINUX +APPARMOR +IMA +IPE +SMACK +SECCOMP +GCRYPT -GNUTLS +OPENSSL +ACL +BLKID +CURL +ELFUTILS +FIDO2 +IDN2 -IDN +IPTC +KMOD +LIBCRYPTSETUP +LIBCRYPTSETUP_PLUGINS +LIBFDISK +PCRE2 +PWQUALITY +P11KIT +QRENCODE +TPM2 +BZIP2 +LZ4 +XZ +ZLIB +ZSTD +BPF_FRAMEWORK +BTF -XKBCOMMON -UTMP +SYSVINIT +LIBARCHIVE)
2025-04-22T23:24:16.961525+00:00 ubuntu-core1 kernel: systemd[1]: Detected virtualization oracle.
2025-04-22T23:24:16.961526+00:00 ubuntu-core1 kernel: systemd[1]: Detected architecture x86-64.
2025-04-22T23:24:16.961526+00:00 ubuntu-core1 kernel: systemd[1]: Failed to read SMBIOS type #11 object 0, ignoring: Bad message
2025-04-22T23:24:16.961526+00:00 ubuntu-core1 kernel: systemd[1]: Hostname set to <ubuntu-core1>.
2025-04-22T23:24:16.961526+00:00 ubuntu-core1 kernel: systemd[1]: bpf-restrict-fs: BPF LSM hook not enabled in the kernel, BPF LSM not supported.
2025-04-22T23:24:16.961526+00:00 ubuntu-core1 kernel: systemd[1]: Queued start job for default target graphical.target.
2025-04-22T23:24:16.961527+00:00 ubuntu-core1 kernel: systemd[1]: Created slice system-cups.slice - CUPS Slice.
2025-04-22T23:24:16.961527+00:00 ubuntu-core1 kernel: systemd[1]: Created slice system-modprobe.slice - Slice /system/modprobe.
2025-04-22T23:24:16.961527+00:00 ubuntu-core1 kernel: systemd[1]: Created slice user.slice - User and Session Slice.
2025-04-22T23:24:16.961527+00:00 ubuntu-core1 kernel: systemd[1]: Started systemd-ask-password-wall.path - Forward Password Requests to Wall Directory Watch.
2025-04-22T23:24:16.961528+00:00 ubuntu-core1 kernel: systemd[1]: Set up automount proc-sys-fs-binfmt_misc.automount - Arbitrary Executable File Formats File System Automount Point.
2025-04-22T23:24:16.961528+00:00 ubuntu-core1 kernel: systemd[1]: Reached target integritysetup.target - Local Integrity Protected Volumes.
2025-04-22T23:24:16.961533+00:00 ubuntu-core1 kernel: systemd[1]: Reached target remote-fs.target - Remote File Systems.
2025-04-22T23:24:16.961533+00:00 ubuntu-core1 kernel: systemd[1]: Reached target slices.target - Slice Units.
2025-04-22T23:24:16.961533+00:00 ubuntu-core1 kernel: systemd[1]: Reached target snapd.mounts-pre.target - Mounting snaps.
2025-04-22T23:24:16.961534+00:00 ubuntu-core1 kernel: systemd[1]: Reached target swap.target - Swaps.
2025-04-22T23:24:16.961534+00:00 ubuntu-core1 kernel: systemd[1]: Reached target veritysetup.target - Local Verity Protected Volumes.
2025-04-22T23:24:16.961534+00:00 ubuntu-core1 kernel: systemd[1]: Listening on syslog.socket - Syslog Socket.
2025-04-22T23:24:16.961536+00:00 ubuntu-core1 kernel: systemd[1]: Listening on systemd-creds.socket - Credential Encryption/Decryption.
2025-04-22T23:24:16.961536+00:00 ubuntu-core1 kernel: systemd[1]: Listening on systemd-fsckd.socket - fsck to fsckd communication Socket.
2025-04-22T23:24:16.961536+00:00 ubuntu-core1 kernel: systemd[1]: Listening on systemd-initctl.socket - initctl Compatibility Named Pipe.
2025-04-22T23:24:16.961536+00:00 ubuntu-core1 kernel: systemd[1]: Listening on systemd-journald-dev-log.socket - Journal Socket (/dev/log).
2025-04-22T23:24:16.961537+00:00 ubuntu-core1 kernel: systemd[1]: Listening on systemd-journald.socket - Journal Sockets.
2025-04-22T23:24:16.961537+00:00 ubuntu-core1 kernel: systemd[1]: Listening on systemd-oomd.socket - Userspace Out-Of-Memory (OOM) Killer Socket.
2025-04-22T23:24:16.961538+00:00 ubuntu-core1 kernel: systemd[1]: systemd-pcrextend.socket - TPM PCR Measurements was skipped because of an unmet condition check (ConditionSecurity=measured-uki).
2025-04-22T23:24:16.961555+00:00 ubuntu-core1 kernel: systemd[1]: systemd-pcrlock.socket - Make TPM PCR Policy was skipped because of an unmet condition check (ConditionSecurity=measured-uki).
2025-04-22T23:24:16.961555+00:00 ubuntu-core1 kernel: systemd[1]: Listening on systemd-udevd-control.socket - udev Control Socket.
2025-04-22T23:24:16.961556+00:00 ubuntu-core1 kernel: systemd[1]: Listening on systemd-udevd-kernel.socket - udev Kernel Socket.
2025-04-22T23:24:16.961556+00:00 ubuntu-core1 kernel: systemd[1]: Mounting dev-hugepages.mount - Huge Pages File System...
2025-04-22T23:24:16.961556+00:00 ubuntu-core1 kernel: systemd[1]: Mounting dev-mqueue.mount - POSIX Message Queue File System...
2025-04-22T23:24:16.961556+00:00 ubuntu-core1 kernel: systemd[1]: Mounting run-lock.mount - Legacy Locks Directory /run/lock...
2025-04-22T23:24:16.961558+00:00 ubuntu-core1 kernel: systemd[1]: Mounting sys-kernel-debug.mount - Kernel Debug File System...
2025-04-22T23:24:16.961558+00:00 ubuntu-core1 kernel: systemd[1]: Mounting sys-kernel-tracing.mount - Kernel Trace File System...
2025-04-22T23:24:16.961558+00:00 ubuntu-core1 kernel: systemd[1]: Mounting tmp.mount - Temporary Directory /tmp...
2025-04-22T23:24:16.961558+00:00 ubuntu-core1 kernel: systemd[1]: Starting systemd-journald.service - Journal Service...
2025-04-22T23:24:16.961559+00:00 ubuntu-core1 kernel: systemd[1]: Starting keyboard-setup.service - Set the console keyboard layout...
2025-04-22T23:24:16.961559+00:00 ubuntu-core1 kernel: systemd[1]: Starting kmod-static-nodes.service - Create List of Static Device Nodes...
2025-04-22T23:24:16.961560+00:00 ubuntu-core1 kernel: systemd[1]: Starting modprobe@configfs.service - Load Kernel Module configfs...
2025-04-22T23:24:16.961560+00:00 ubuntu-core1 kernel: systemd[1]: Starting modprobe@drm.service - Load Kernel Module drm...
